<html>
<body>
<pre>
<h1>礦ision Build Log</h1>
<h2>Tool Versions:</h2>
IDE-Version: μVision V5.14.0.0
Copyright (C) 2015 ARM Ltd and ARM Germany GmbH. All rights reserved.
License Information: JUN WANG, Zhejiang University, LIC=UJWP0-BQ47Q-UH88H-WBQJ8-UAXNC-5SDJE
 
Tool Versions:
Toolchain:       MDK-ARM Standard  Version: 5.14.0.0
Toolchain Path:  C:\Keil_v5\ARM\ARMCC\Bin
C Compiler:      Armcc.exe V5.05 update 1 (build 106)
Assembler:       Armasm.exe V5.05 update 1 (build 106)
Linker/Locator:  ArmLink.exe V5.05 update 1 (build 106)
Library Manager: ArmAr.exe V5.05 update 1 (build 106)
Hex Converter:   FromElf.exe V5.05 update 1 (build 106)
CPU DLL:         SARMCM3.DLL V5.14.0.0
Dialog DLL:      DCM.DLL V1.13.1.0
Target DLL:      Segger\JL2CM3.dll V2.99.13.0
Dialog DLL:      TCM.DLL V1.14.4.0
 
<h2>Project:</h2>
\\Mac\Home\Desktop\水下机器人code\4\STM32\MDK-ARM\Fly_Vehicle.uvprojx
Project File Date:  04/03/2022

<h2>Output:</h2>
Rebuild target 'Fly_Vehicle'
assembling startup_stm32f103xe.s...
compiling main.c...
compiling gpio.c...
compiling adc.c...
compiling dma.c...
compiling freertos.c...
compiling spi.c...
compiling tim.c...
compiling usart.c...
compiling stm32f1xx_it.c...
compiling stm32f1xx_hal_msp.c...
compiling stm32f1xx_hal_timebase_tim.c...
compiling system_stm32f1xx.c...
compiling board.c...
compiling batt.c...
compiling led.c...
compiling switch.c...
compiling pwm.c...
compiling myiic.c...
compiling dht11.c...
compiling mpu6050.c...
compiling ms5803.c...
compiling qmc5883l.c...
compiling sx1278.c...
..\USER\DRIVER\sx1278.c(187): warning:  #1-D: last line of file ends without a newline
  //}
..\USER\DRIVER\sx1278.c(94): warning:  #177-D: function "unpackData" was declared but never referenced
  static void unpackData(uint8_t *buf,u16 len)
..\USER\DRIVER\sx1278.c: 2 warnings, 0 errors
compiling PID.c...
..\USER\CONTROL\PID.c(157): warning:  #177-D: variable "out" was declared but never referenced
    float out;
..\USER\CONTROL\PID.c(349): warning:  #940-D: missing return statement at end of non-void function "NLPID_Init"
  }
..\USER\CONTROL\PID.c: 2 warnings, 0 errors
compiling control.c...
..\USER\CONTROL\control.c(183): warning:  #1-D: last line of file ends without a newline
  }
..\USER\CONTROL\control.c(169): warning:  #177-D: variable "left_motor" was declared but never referenced
                static int left_motor;
..\USER\CONTROL\control.c(170): warning:  #177-D: variable "right_motor" was declared but never referenced
                static int right_motor;
..\USER\CONTROL\control.c: 3 warnings, 0 errors
compiling stm32_pi.c...
compiling Compass_Task.c...
compiling Control_Task.c...
compiling Sensor_Task.c...
compiling Message_Task.c...
compiling Pressure_Task.c...
compiling ledTasks.c...
compiling stm32f1xx_hal_gpio_ex.c...
compiling stm32f1xx_hal_adc.c...
compiling stm32f1xx_hal_adc_ex.c...
compiling stm32f1xx_hal.c...
compiling stm32f1xx_hal_rcc.c...
compiling stm32f1xx_hal_rcc_ex.c...
compiling stm32f1xx_hal_gpio.c...
compiling stm32f1xx_hal_dma.c...
compiling stm32f1xx_hal_cortex.c...
compiling stm32f1xx_hal_pwr.c...
compiling stm32f1xx_hal_flash.c...
compiling stm32f1xx_hal_flash_ex.c...
compiling stm32f1xx_hal_exti.c...
compiling stm32f1xx_hal_spi.c...
compiling stm32f1xx_hal_tim.c...
compiling stm32f1xx_hal_tim_ex.c...
compiling stm32f1xx_hal_uart.c...
compiling croutine.c...
compiling event_groups.c...
compiling list.c...
compiling queue.c...
compiling stream_buffer.c...
compiling tasks.c...
compiling timers.c...
compiling cmsis_os.c...
compiling heap_4.c...
compiling port.c...
linking...
Program Size: Code=31968 RO-data=740 RW-data=452 ZI-data=13252  
FromELF: creating hex file...
"Fly_Vehicle\Fly_Vehicle.axf" - 0 Error(s), 7 Warning(s).

<h2>Software Packages used:</h2>

Package Vendor: ARM
                http://www.keil.com/pack/ARM.CMSIS.4.2.0.pack
                ARM::CMSIS:CORE:3.40.0
                CMSIS (Cortex Microcontroller Software Interface Standard)
   * Component: CORE Version: 3.40.0

<h2>Collection of Component include folders:</h2>
  \\Mac\Home\Desktop\水下机器人code\4\STM32\MDK-ARM\RTE
  C:\Keil_v5\ARM\PACK\ARM\CMSIS\4.2.0\CMSIS\Include
  C:\Keil_v5\ARM\PACK\Keil\STM32F1xx_DFP\1.0.5\Device\Include

<h2>Collection of Component Files used:</h2>

   * Component: ARM::CMSIS:CORE:3.40.0
      Source file:   CMSIS\UserCodeTemplates\ARM\ITM_Retarget.c
</pre>
</body>
</html>
