Component: ARM Compiler 5.05 update 1 (build 106) Tool: armlink [4d0efa]

==============================================================================

Section Cross References

    startup_stm32f103xe.o(RESET) refers to startup_stm32f103xe.o(STACK) for __initial_sp
    startup_stm32f103xe.o(RESET) refers to startup_stm32f103xe.o(.text) for Reset_Handler
    startup_stm32f103xe.o(RESET) refers to stm32f1xx_it.o(i.NMI_Handler) for NMI_Handler
    startup_stm32f103xe.o(RESET) refers to stm32f1xx_it.o(i.HardFault_Handler) for HardFault_Handler
    startup_stm32f103xe.o(RESET) refers to stm32f1xx_it.o(i.MemManage_Handler) for MemManage_Handler
    startup_stm32f103xe.o(RESET) refers to stm32f1xx_it.o(i.BusFault_Handler) for BusFault_Handler
    startup_stm32f103xe.o(RESET) refers to stm32f1xx_it.o(i.UsageFault_Handler) for UsageFault_Handler
    startup_stm32f103xe.o(RESET) refers to port.o(.emb_text) for SVC_Handler
    startup_stm32f103xe.o(RESET) refers to stm32f1xx_it.o(i.DebugMon_Handler) for DebugMon_Handler
    startup_stm32f103xe.o(RESET) refers to port.o(i.SysTick_Handler) for SysTick_Handler
    startup_stm32f103xe.o(RESET) refers to stm32f1xx_it.o(i.EXTI3_IRQHandler) for EXTI3_IRQHandler
    startup_stm32f103xe.o(RESET) refers to stm32f1xx_it.o(i.DMA1_Channel1_IRQHandler) for DMA1_Channel1_IRQHandler
    startup_stm32f103xe.o(RESET) refers to stm32f1xx_it.o(i.DMA1_Channel3_IRQHandler) for DMA1_Channel3_IRQHandler
    startup_stm32f103xe.o(RESET) refers to stm32f1xx_it.o(i.DMA1_Channel5_IRQHandler) for DMA1_Channel5_IRQHandler
    startup_stm32f103xe.o(RESET) refers to stm32f1xx_it.o(i.DMA1_Channel6_IRQHandler) for DMA1_Channel6_IRQHandler
    startup_stm32f103xe.o(RESET) refers to stm32f1xx_it.o(i.DMA1_Channel7_IRQHandler) for DMA1_Channel7_IRQHandler
    startup_stm32f103xe.o(RESET) refers to stm32f1xx_it.o(i.USART1_IRQHandler) for USART1_IRQHandler
    startup_stm32f103xe.o(RESET) refers to stm32f1xx_it.o(i.USART2_IRQHandler) for USART2_IRQHandler
    startup_stm32f103xe.o(RESET) refers to stm32f1xx_it.o(i.USART3_IRQHandler) for USART3_IRQHandler
    startup_stm32f103xe.o(RESET) refers to stm32f1xx_it.o(i.SPI3_IRQHandler) for SPI3_IRQHandler
    startup_stm32f103xe.o(RESET) refers to stm32f1xx_it.o(i.TIM7_IRQHandler) for TIM7_IRQHandler
    startup_stm32f103xe.o(.text) refers to system_stm32f1xx.o(i.SystemInit) for SystemInit
    startup_stm32f103xe.o(.text) refers to entry.o(.ARM.Collect$$$$00000000) for __main
    main.o(i.HAL_TIM_PeriodElapsedCallback) refers to stm32f1xx_hal.o(i.HAL_IncTick) for HAL_IncTick
    main.o(i.SystemClock_Config) refers to memseta.o(.text) for __aeabi_memclr4
    main.o(i.SystemClock_Config) refers to stm32f1xx_hal_rcc.o(i.HAL_RCC_OscConfig) for HAL_RCC_OscConfig
    main.o(i.SystemClock_Config) refers to stm32f1xx_hal_rcc.o(i.HAL_RCC_ClockConfig) for HAL_RCC_ClockConfig
    main.o(i.SystemClock_Config) refers to stm32f1xx_hal_rcc_ex.o(i.HAL_RCCEx_PeriphCLKConfig) for HAL_RCCEx_PeriphCLKConfig
    main.o(i.main) refers to stm32f1xx_hal.o(i.HAL_Init) for HAL_Init
    main.o(i.main) refers to main.o(i.SystemClock_Config) for SystemClock_Config
    main.o(i.main) refers to gpio.o(i.MX_GPIO_Init) for MX_GPIO_Init
    main.o(i.main) refers to dma.o(i.MX_DMA_Init) for MX_DMA_Init
    main.o(i.main) refers to adc.o(i.MX_ADC1_Init) for MX_ADC1_Init
    main.o(i.main) refers to tim.o(i.MX_TIM3_Init) for MX_TIM3_Init
    main.o(i.main) refers to usart.o(i.MX_USART1_UART_Init) for MX_USART1_UART_Init
    main.o(i.main) refers to usart.o(i.MX_USART2_UART_Init) for MX_USART2_UART_Init
    main.o(i.main) refers to usart.o(i.MX_USART3_UART_Init) for MX_USART3_UART_Init
    main.o(i.main) refers to tim.o(i.MX_TIM6_Init) for MX_TIM6_Init
    main.o(i.main) refers to spi.o(i.MX_SPI3_Init) for MX_SPI3_Init
    main.o(i.main) refers to board.o(i.BSP_Init) for BSP_Init
    main.o(i.main) refers to freertos.o(i.MX_FREERTOS_Init) for MX_FREERTOS_Init
    main.o(i.main) refers to cmsis_os.o(i.osKernelStart) for osKernelStart
    gpio.o(i.MX_GPIO_Init) refers to stm32f1xx_hal_gpio.o(i.HAL_GPIO_WritePin) for HAL_GPIO_WritePin
    gpio.o(i.MX_GPIO_Init) refers to stm32f1xx_hal_gpio.o(i.HAL_GPIO_Init) for HAL_GPIO_Init
    gpio.o(i.MX_GPIO_Init) refers to stm32f1xx_hal_cortex.o(i.HAL_NVIC_SetPriority) for HAL_NVIC_SetPriority
    gpio.o(i.MX_GPIO_Init) refers to stm32f1xx_hal_cortex.o(i.HAL_NVIC_EnableIRQ) for HAL_NVIC_EnableIRQ
    adc.o(i.HAL_ADC_MspDeInit) refers to stm32f1xx_hal_gpio.o(i.HAL_GPIO_DeInit) for HAL_GPIO_DeInit
    adc.o(i.HAL_ADC_MspDeInit) refers to stm32f1xx_hal_dma.o(i.HAL_DMA_DeInit) for HAL_DMA_DeInit
    adc.o(i.HAL_ADC_MspInit) refers to stm32f1xx_hal_gpio.o(i.HAL_GPIO_Init) for HAL_GPIO_Init
    adc.o(i.HAL_ADC_MspInit) refers to stm32f1xx_hal_dma.o(i.HAL_DMA_Init) for HAL_DMA_Init
    adc.o(i.HAL_ADC_MspInit) refers to main.o(i.Error_Handler) for Error_Handler
[...]
    _printf_int_dec                          0x00000000   Number         0  stubs.o ABSOLUTE
    _printf_l                                0x00000000   Number         0  stubs.o ABSOLUTE
    _printf_lc                               0x00000000   Number         0  stubs.o ABSOLUTE
    _printf_ll                               0x00000000   Number         0  stubs.o ABSOLUTE
    _printf_lld                              0x00000000   Number         0  stubs.o ABSOLUTE
    _printf_lli                              0x00000000   Number         0  stubs.o ABSOLUTE
    _printf_llo                              0x00000000   Number         0  stubs.o ABSOLUTE
    _printf_llu                              0x00000000   Number         0  stubs.o ABSOLUTE
    _printf_llx                              0x00000000   Number         0  stubs.o ABSOLUTE
    _printf_longlong_dec                     0x00000000   Number         0  stubs.o ABSOLUTE
    _printf_longlong_hex                     0x00000000   Number         0  stubs.o ABSOLUTE
    _printf_longlong_oct                     0x00000000   Number         0  stubs.o ABSOLUTE
    _printf_ls                               0x00000000   Number         0  stubs.o ABSOLUTE
    _printf_mbtowc                           0x00000000   Number         0  stubs.o ABSOLUTE
    _printf_n                                0x00000000   Number         0  stubs.o ABSOLUTE
    _printf_o                                0x00000000   Number         0  stubs.o ABSOLUTE
    _printf_p                                0x00000000   Number         0  stubs.o ABSOLUTE
    _printf_percent                          0x00000000   Number         0  stubs.o ABSOLUTE
    _printf_pre_padding                      0x00000000   Number         0  stubs.o ABSOLUTE
    _printf_return_value                     0x00000000   Number         0  stubs.o ABSOLUTE
    _printf_s                                0x00000000   Number         0  stubs.o ABSOLUTE
    _printf_sizespec                         0x00000000   Number         0  stubs.o ABSOLUTE
    _printf_str                              0x00000000   Number         0  stubs.o ABSOLUTE
    _printf_truncate_signed                  0x00000000   Number         0  stubs.o ABSOLUTE
    _printf_truncate_unsigned                0x00000000   Number         0  stubs.o ABSOLUTE
    _printf_u                                0x00000000   Number         0  stubs.o ABSOLUTE
    _printf_wc                               0x00000000   Number         0  stubs.o ABSOLUTE
    _printf_wctomb                           0x00000000   Number         0  stubs.o ABSOLUTE
    _printf_widthprec                        0x00000000   Number         0  stubs.o ABSOLUTE
    _printf_x                                0x00000000   Number         0  stubs.o ABSOLUTE
    __cpp_initialize__aeabi_                  - Undefined Weak Reference
    __cxa_finalize                            - Undefined Weak Reference
    _clock_init                               - Undefined Weak Reference
    _microlib_exit                            - Undefined Weak Reference
    __Vectors_Size                           0x00000130   Number         0  startup_stm32f103xe.o ABSOLUTE
    __Vectors                                0x08000000   Data           4  startup_stm32f103xe.o(RESET)
    __Vectors_End                            0x08000130   Data           0  startup_stm32f103xe.o(RESET)
    __main                                   0x08000131   Thumb Code     0  entry.o(.ARM.Collect$$$$00000000)
    _main_stk                                0x08000131   Thumb Code     0  entry2.o(.ARM.Collect$$$$00000001)
    _main_scatterload                        0x08000135   Thumb Code     0  entry5.o(.ARM.Collect$$$$00000004)
    __main_after_scatterload                 0x08000139   Thumb Code     0  entry5.o(.ARM.Collect$$$$00000004)
    _main_clock                              0x08000139   Thumb Code     0  entry7b.o(.ARM.Collect$$$$00000008)
    _main_cpp_init                           0x08000139   Thumb Code     0  entry8b.o(.ARM.Collect$$$$0000000A)
    _main_init                               0x08000139   Thumb Code     0  entry9a.o(.ARM.Collect$$$$0000000B)
    __rt_final_cpp                           0x08000141   Thumb Code     0  entry10a.o(.ARM.Collect$$$$0000000D)
    __rt_final_exit                          0x08000141   Thumb Code     0  entry11a.o(.ARM.Collect$$$$0000000F)
    SVC_Handler                              0x08000145   Thumb Code    32  port.o(.emb_text)
    __asm___6_port_c_39a90d8d__prvStartFirstTask 0x08000169   Thumb Code    28  port.o(.emb_text)
    PendSV_Handler                           0x08000189   Thumb Code    72  port.o(.emb_text)
    vPortGetIPSR                             0x080001d5   Thumb Code     6  port.o(.emb_text)
    Reset_Handler                            0x080001dd   Thumb Code     8  startup_stm32f103xe.o(.text)
    ADC1_2_IRQHandler                        0x080001f7   Thumb Code     0  startup_stm32f103xe.o(.text)
    ADC3_IRQHandler                          0x080001f7   Thumb Code     0  startup_stm32f103xe.o(.text)
    CAN1_RX1_IRQHandler                      0x080001f7   Thumb Code     0  startup_stm32f103xe.o(.text)
    CAN1_SCE_IRQHandler                      0x080001f7   Thumb Code     0  startup_stm32f103xe.o(.text)
    DMA1_Channel2_IRQHandler                 0x080001f7   Thumb Code     0  startup_stm32f103xe.o(.text)
    DMA1_Channel4_IRQHandler                 0x080001f7   Thumb Code     0  startup_stm32f103xe.o(.text)
    DMA2_Channel1_IRQHandler                 0x080001f7   Thumb Code     0  startup_stm32f103xe.o(.text)
    DMA2_Channel2_IRQHandler                 0x080001f7   Thumb Code     0  startup_stm32f103xe.o(.text)
    DMA2_Channel3_IRQHandler                 0x080001f7   Thumb Code     0  startup_stm32f103xe.o(.text)
    DMA2_Channel4_5_IRQHandler               0x080001f7   Thumb Code     0  startup_stm32f103xe.o(.text)
    EXTI0_IRQHandler                         0x080001f7   Thumb Code     0  startup_stm32f103xe.o(.text)
    EXTI15_10_IRQHandler                     0x080001f7   Thumb Code     0  startup_stm32f103xe.o(.text)
    EXTI1_IRQHandler                         0x080001f7   Thumb Code     0  startup_stm32f103xe.o(.text)
    EXTI2_IRQHandler                         0x080001f7   Thumb Code     0  startup_stm32f103xe.o(.text)
    EXTI4_IRQHandler                         0x080001f7   Thumb Code     0  startup_stm32f103xe.o(.text)
    EXTI9_5_IRQHandler                       0x080001f7   Thumb Code     0  startup_stm32f103xe.o(.text)
    FLASH_IRQHandler                         0x080001f7   Thumb Code     0  startup_stm32f103xe.o(.text)
    FSMC_IRQHandler                          0x080001f7   Thumb Code     0  startup_stm32f103xe.o(.text)
    I2C1_ER_IRQHandler                       0x080001f7   Thumb Code     0  startup_stm32f103xe.o(.text)
    I2C1_EV_IRQHandler                       0x080001f7   Thumb Code     0  startup_stm32f103xe.o(.text)
    I2C2_ER_IRQHandler                       0x080001f7   Thumb Code     0  startup_stm32f103xe.o(.text)
    I2C2_EV_IRQHandler                       0x080001f7   Thumb Code     0  startup_stm32f103xe.o(.text)
    PVD_IRQHandler                           0x080001f7   Thumb Code     0  startup_stm32f103xe.o(.text)
    RCC_IRQHandler                           0x080001f7   Thumb Code     0  startup_stm32f103xe.o(.text)
    RTC_Alarm_IRQHandler                     0x080001f7   Thumb Code     0  startup_stm32f103xe.o(.text)
    RTC_IRQHandler                           0x080001f7   Thumb Code     0  startup_stm32f103xe.o(.text)
    SDIO_IRQHandler                          0x080001f7   Thumb Code     0  startup_stm32f103xe.o(.text)
    SPI1_IRQHandler                          0x080001f7   Thumb Code     0  startup_stm32f103xe.o(.text)
    SPI2_IRQHandler                          0x080001f7   Thumb Code     0  startup_stm32f103xe.o(.text)
    TAMPER_IRQHandler                        0x080001f7   Thumb Code     0  startup_stm32f103xe.o(.text)
    TIM1_BRK_IRQHandler                      0x080001f7   Thumb Code     0  startup_stm32f103xe.o(.text)
    TIM1_CC_IRQHandler                       0x080001f7   Thumb Code     0  startup_stm32f103xe.o(.text)
    TIM1_TRG_COM_IRQHandler                  0x080001f7   Thumb Code     0  startup_stm32f103xe.o(.text)
    TIM1_UP_IRQHandler                       0x080001f7   Thumb Code     0  startup_stm32f103xe.o(.text)
    TIM2_IRQHandler                          0x080001f7   Thumb Code     0  startup_stm32f103xe.o(.text)
    TIM3_IRQHandler                          0x080001f7   Thumb Code     0  startup_stm32f103xe.o(.text)
    TIM4_IRQHandler                          0x080001f7   Thumb Code     0  startup_stm32f103xe.o(.text)
    TIM5_IRQHandler                          0x080001f7   Thumb Code     0  startup_stm32f103xe.o(.text)
    TIM6_IRQHandler                          0x080001f7   Thumb Code     0  startup_stm32f103xe.o(.text)
    TIM8_BRK_IRQHandler                      0x080001f7   Thumb Code     0  startup_stm32f103xe.o(.text)
    TIM8_CC_IRQHandler                       0x080001f7   Thumb Code     0  startup_stm32f103xe.o(.text)
    TIM8_TRG_COM_IRQHandler                  0x080001f7   Thumb Code     0  startup_stm32f103xe.o(.text)
    TIM8_UP_IRQHandler                       0x080001f7   Thumb Code     0  startup_stm32f103xe.o(.text)
    UART4_IRQHandler                         0x080001f7   Thumb Code     0  startup_stm32f103xe.o(.text)
    UART5_IRQHandler                         0x080001f7   Thumb Code     0  startup_stm32f103xe.o(.text)
    USBWakeUp_IRQHandler                     0x080001f7   Thumb Code     0  startup_stm32f103xe.o(.text)
    USB_HP_CAN1_TX_IRQHandler                0x080001f7   Thumb Code     0  startup_stm32f103xe.o(.text)
    USB_LP_CAN1_RX0_IRQHandler               0x080001f7   Thumb Code     0  startup_stm32f103xe.o(.text)
    WWDG_IRQHandler                          0x080001f7   Thumb Code     0  startup_stm32f103xe.o(.text)
    __aeabi_llsr                             0x08000201   Thumb Code    32  llushr.o(.text)
    _ll_ushift_r                             0x08000201   Thumb Code     0  llushr.o(.text)
    __aeabi_memcpy                           0x08000221   Thumb Code    36  memcpya.o(.text)
    __aeabi_memcpy4                          0x08000221   Thumb Code     0  memcpya.o(.text)
    __aeabi_memcpy8                          0x08000221   Thumb Code     0  memcpya.o(.text)
    __aeabi_memset                           0x08000245   Thumb Code    14  memseta.o(.text)
    __aeabi_memset4                          0x08000245   Thumb Code     0  memseta.o(.text)
    __aeabi_memset8                          0x08000245   Thumb Code     0  memseta.o(.text)
    __aeabi_memclr                           0x08000253   Thumb Code     4  memseta.o(.text)
    __aeabi_memclr4                          0x08000253   Thumb Code     0  memseta.o(.text)
    __aeabi_memclr8                          0x08000253   Thumb Code     0  memseta.o(.text)
    memset                                   0x08000257   Thumb Code    18  memseta.o(.text)
    strstr                                   0x08000269   Thumb Code    36  strstr.o(.text)
    strlen                                   0x0800028d   Thumb Code    14  strlen.o(.text)
    __aeabi_fadd                             0x0800029b   Thumb Code   164  fadd.o(.text)
    __aeabi_fsub                             0x0800033f   Thumb Code     6  fadd.o(.text)
    __aeabi_frsub                            0x08000345   Thumb Code     6  fadd.o(.text)
    __aeabi_fmul                             0x0800034b   Thumb Code   100  fmul.o(.text)
    __aeabi_fdiv                             0x080003af   Thumb Code   124  fdiv.o(.text)
    __ARM_scalbnf                            0x0800042b   Thumb Code    24  fscalb.o(.text)
    scalbnf                                  0x0800042b   Thumb Code     0  fscalb.o(.text)
    __aeabi_dadd                             0x08000443   Thumb Code   322  dadd.o(.text)
    __aeabi_dsub                             0x08000585   Thumb Code     6  dadd.o(.text)
    __aeabi_drsub                            0x0800058b   Thumb Code     6  dadd.o(.text)
    __aeabi_dmul                             0x08000591   Thumb Code   228  dmul.o(.text)
    __aeabi_ddiv                             0x08000675   Thumb Code   222  ddiv.o(.text)
    __ARM_scalbn                             0x08000753   Thumb Code    46  dscalb.o(.text)
    scalbn                                   0x08000753   Thumb Code     0  dscalb.o(.text)
    __aeabi_i2f                              0x08000781   Thumb Code    18  fflti.o(.text)
    __aeabi_ui2f                             0x08000793   Thumb Code    10  ffltui.o(.text)
    __aeabi_i2d                              0x0800079d   Thumb Code    34  dflti.o(.text)
    __aeabi_ui2d                             0x080007bf   Thumb Code    26  dfltui.o(.text)
    __aeabi_f2iz                             0x080007d9   Thumb Code    50  ffixi.o(.text)
    __aeabi_d2iz                             0x0800080b   Thumb Code    62  dfixi.o(.text)
    __aeabi_d2uiz                            0x08000849   Thumb Code    50  dfixui.o(.text)
    __aeabi_f2d                              0x0800087b   Thumb Code    38  f2d.o(.text)
    __aeabi_cdcmpeq                          0x080008a1   Thumb Code     0  cdcmple.o(.text)
    __aeabi_cdcmple                          0x080008a1   Thumb Code    48  cdcmple.o(.text)
    __aeabi_cdrcmple                         0x080008d1   Thumb Code    48  cdrcmple.o(.text)
    __aeabi_d2f                              0x08000901   Thumb Code    56  d2f.o(.text)
    __aeabi_cfcmpeq                          0x08000939   Thumb Code     0  cfcmple.o(.text)
    __aeabi_cfcmple                          0x08000939   Thumb Code    20  cfcmple.o(.text)
    __aeabi_cfrcmple                         0x0800094d   Thumb Code    20  cfrcmple.o(.text)
    __aeabi_uidiv                            0x08000961   Thumb Code     0  uidiv.o(.text)
    __aeabi_uidivmod                         0x08000961   Thumb Code    44  uidiv.o(.text)
    __aeabi_uldivmod                         0x0800098d   Thumb Code    98  uldiv.o(.text)
    __aeabi_llsl                             0x080009ef   Thumb Code    30  llshl.o(.text)
    _ll_shift_l                              0x080009ef   Thumb Code     0  llshl.o(.text)
    __aeabi_lasr                             0x08000a0d   Thumb Code    36  llsshr.o(.text)
    _ll_sshift_r                             0x08000a0d   Thumb Code     0  llsshr.o(.text)
    __I$use$fp                               0x08000a31   Thumb Code     0  iusefp.o(.text)
    _float_round                             0x08000a31   Thumb Code    18  fepilogue.o(.text)
    _float_epilogue                          0x08000a43   Thumb Code    92  fepilogue.o(.text)
    _double_round                            0x08000a9f   Thumb Code    30  depilogue.o(.text)
    _double_epilogue                         0x08000abd   Thumb Code   156  depilogue.o(.text)
    __aeabi_d2ulz                            0x08000b59   Thumb Code    48  dfixul.o(.text)
    __scatterload                            0x08000b89   Thumb Code    28  init.o(.text)
    __scatterload_rt2                        0x08000b89   Thumb Code     0  init.o(.text)
    _dsqrt                                   0x08000bad   Thumb Code   162  dsqrt.o(.text)
    __decompress                             0x08000c4f   Thumb Code     0  __dczerorl2.o(.text)
    __decompress1                            0x08000c4f   Thumb Code    86  __dczerorl2.o(.text)
    ADC_ConversionStop_Disable               0x08000ca5   Thumb Code    74  stm32f1xx_hal_adc.o(i.ADC_ConversionStop_Disable)
    ADC_DMAConvCplt                          0x08000cef   Thumb Code    78  stm32f1xx_hal_adc.o(i.ADC_DMAConvCplt)
    ADC_DMAError                             0x08000d3d   Thumb Code    26  stm32f1xx_hal_adc.o(i.ADC_DMAError)
    ADC_DMAHalfConvCplt                      0x08000d57   Thumb Code    10  stm32f1xx_hal_adc.o(i.ADC_DMAHalfConvCplt)
    ADC_Enable                               0x08000d61   Thumb Code   102  stm32f1xx_hal_adc.o(i.ADC_Enable)
    Adder_Control_Disable_Counter            0x08000dd1   Thumb Code    18  control.o(i.Adder_Control_Disable_Counter)
    BSP_Init                                 0x08000de9   Thumb Code    46  board.o(i.BSP_Init)
    Batt_Init                                0x08000e19   Thumb Code    10  batt.o(i.Batt_Init)
    BusFault_Handler                         0x08000e2d   Thumb Code     2  stm32f1xx_it.o(i.BusFault_Handler)
    Change_MS5803                            0x08000e31   Thumb Code   614  ms5803.o(i.Change_MS5803)
    Clear_Control_Disable_Counter            0x080010d9   Thumb Code     8  control.o(i.Clear_Control_Disable_Counter)
    DHT11_Read_Data                          0x08001105   Thumb Code    38  dht11.o(i.DHT11_Read_Data)
    DHT11_init                               0x08001131   Thumb Code    10  dht11.o(i.DHT11_init)
    DMA1_Channel1_IRQHandler                 0x08001141   Thumb Code     6  stm32f1xx_it.o(i.DMA1_Channel1_IRQHandler)
    DMA1_Channel3_IRQHandler                 0x0800114d   Thumb Code     6  stm32f1xx_it.o(i.DMA1_Channel3_IRQHandler)
    DMA1_Channel5_IRQHandler                 0x08001159   Thumb Code     6  stm32f1xx_it.o(i.DMA1_Channel5_IRQHandler)
    DMA1_Channel6_IRQHandler                 0x08001165   Thumb Code     6  stm32f1xx_it.o(i.DMA1_Channel6_IRQHandler)
    DMA1_Channel7_IRQHandler                 0x08001171   Thumb Code     6  stm32f1xx_it.o(i.DMA1_Channel7_IRQHandler)
    DebugMon_Handler                         0x080011a7   Thumb Code     2  stm32f1xx_it.o(i.DebugMon_Handler)
    EXTI3_IRQHandler                         0x080011a9   Thumb Code     6  stm32f1xx_it.o(i.EXTI3_IRQHandler)
    Error_Handler                            0x080011af   Thumb Code     2  main.o(i.Error_Handler)
    GetVoltage                               0x080011b1   Thumb Code    70  batt.o(i.GetVoltage)
    Get_Batt_Data                            0x0800120d   Thumb Code    30  batt.o(i.Get_Batt_Data)
    Get_Control_Disable_Counter_State        0x08001231   Thumb Code    16  control.o(i.Get_Control_Disable_Counter_State)
    Get_Pressure                             0x08001245   Thumb Code    24  ms5803.o(i.Get_Pressure)
    HAL_ADC_ConfigChannel                    0x08001261   Thumb Code   240  stm32f1xx_hal_adc.o(i.HAL_ADC_ConfigChannel)
    HAL_ADC_ConvCpltCallback                 0x0800135d   Thumb Code     2  stm32f1xx_hal_adc.o(i.HAL_ADC_ConvCpltCallback)
    HAL_ADC_ConvHalfCpltCallback             0x0800135f   Thumb Code     2  stm32f1xx_hal_adc.o(i.HAL_ADC_ConvHalfCpltCallback)
    HAL_ADC_ErrorCallback                    0x08001361   Thumb Code     2  stm32f1xx_hal_adc.o(i.HAL_ADC_ErrorCallback)
    HAL_ADC_Init                             0x08001365   Thumb Code   274  stm32f1xx_hal_adc.o(i.HAL_ADC_Init)
    HAL_ADC_MspInit                          0x08001489   Thumb Code   122  adc.o(i.HAL_ADC_MspInit)
    HAL_ADC_Start_DMA                        0x08001519   Thumb Code   246  stm32f1xx_hal_adc.o(i.HAL_ADC_Start_DMA)
    HAL_DMA_Abort                            0x08001625   Thumb Code    70  stm32f1xx_hal_dma.o(i.HAL_DMA_Abort)
    HAL_DMA_Abort_IT                         0x0800166d   Thumb Code   296  stm32f1xx_hal_dma.o(i.HAL_DMA_Abort_IT)
    HAL_DMA_IRQHandler                       0x0800179d   Thumb Code   552  stm32f1xx_hal_dma.o(i.HAL_DMA_IRQHandler)
    HAL_DMA_Init                             0x080019e5   Thumb Code   112  stm32f1xx_hal_dma.o(i.HAL_DMA_Init)
    HAL_DMA_Start_IT                         0x08001a61   Thumb Code   112  stm32f1xx_hal_dma.o(i.HAL_DMA_Start_IT)
    HAL_Delay                                0x08001ad1   Thumb Code    32  stm32f1xx_hal.o(i.HAL_Delay)
    HAL_GPIO_EXTI_Callback                   0x08001af5   Thumb Code    38  board.o(i.HAL_GPIO_EXTI_Callback)
    HAL_GPIO_EXTI_IRQHandler                 0x08001b21   Thumb Code    18  stm32f1xx_hal_gpio.o(i.HAL_GPIO_EXTI_IRQHandler)
    HAL_GPIO_Init                            0x08001b39   Thumb Code   454  stm32f1xx_hal_gpio.o(i.HAL_GPIO_Init)
    HAL_GPIO_ReadPin                         0x08001d29   Thumb Code    10  stm32f1xx_hal_gpio.o(i.HAL_GPIO_ReadPin)
    HAL_GPIO_TogglePin                       0x08001d33   Thumb Code    14  stm32f1xx_hal_gpio.o(i.HAL_GPIO_TogglePin)
    HAL_GPIO_WritePin                        0x08001d41   Thumb Code    10  stm32f1xx_hal_gpio.o(i.HAL_GPIO_WritePin)
    HAL_GetTick                              0x08001d4d   Thumb Code     6  stm32f1xx_hal.o(i.HAL_GetTick)
    HAL_IncTick                              0x08001d59   Thumb Code    12  stm32f1xx_hal.o(i.HAL_IncTick)
    HAL_Init                                 0x08001d69   Thumb Code    32  stm32f1xx_hal.o(i.HAL_Init)
    HAL_InitTick                             0x08001d8d   Thumb Code   100  stm32f1xx_hal_timebase_tim.o(i.HAL_InitTick)
    HAL_LORA_To_UART_Receive_IDLE            0x08001e01   Thumb Code    74  sx1278.o(i.HAL_LORA_To_UART_Receive_IDLE)
    HAL_MPU_To_UART_Receive_IDLE             0x08001e55   Thumb Code    74  mpu6050.o(i.HAL_MPU_To_UART_Receive_IDLE)
    HAL_MspInit                              0x08001eb1   Thumb Code    62  stm32f1xx_hal_msp.o(i.HAL_MspInit)
    HAL_NVIC_EnableIRQ                       0x08001ef9   Thumb Code    26  stm32f1xx_hal_cortex.o(i.HAL_NVIC_EnableIRQ)
    HAL_NVIC_SetPriority                     0x08001f15   Thumb Code    60  stm32f1xx_hal_cortex.o(i.HAL_NVIC_SetPriority)
    HAL_NVIC_SetPriorityGrouping             0x08001f55   Thumb Code    26  stm32f1xx_hal_cortex.o(i.HAL_NVIC_SetPriorityGrouping)
    HAL_PI_To_UART_Receive_IDLE              0x08001f79   Thumb Code    80  stm32_pi.o(i.HAL_PI_To_UART_Receive_IDLE)
    HAL_RCCEx_PeriphCLKConfig                0x08001fcd   Thumb Code   220  stm32f1xx_hal_rcc_ex.o(i.HAL_RCCEx_PeriphCLKConfig)
    HAL_RCC_ClockConfig                      0x080020b5   Thumb Code   292  stm32f1xx_hal_rcc.o(i.HAL_RCC_ClockConfig)
    HAL_RCC_GetClockConfig                   0x080021ed   Thumb Code    54  stm32f1xx_hal_rcc.o(i.HAL_RCC_GetClockConfig)
    HAL_RCC_GetPCLK1Freq                     0x0800222d   Thumb Code    20  stm32f1xx_hal_rcc.o(i.HAL_RCC_GetPCLK1Freq)
    HAL_RCC_GetPCLK2Freq                     0x0800224d   Thumb Code    20  stm32f1xx_hal_rcc.o(i.HAL_RCC_GetPCLK2Freq)
    HAL_RCC_GetSysClockFreq                  0x0800226d   Thumb Code    74  stm32f1xx_hal_rcc.o(i.HAL_RCC_GetSysClockFreq)
    HAL_RCC_OscConfig                        0x080022d9   Thumb Code   770  stm32f1xx_hal_rcc.o(i.HAL_RCC_OscConfig)
    HAL_SPI_ErrorCallback                    0x080025f1   Thumb Code     2  stm32f1xx_hal_spi.o(i.HAL_SPI_ErrorCallback)
    HAL_SPI_IRQHandler                       0x080025f5   Thumb Code   220  stm32f1xx_hal_spi.o(i.HAL_SPI_IRQHandler)
    HAL_SPI_Init                             0x080026d5   Thumb Code   124  stm32f1xx_hal_spi.o(i.HAL_SPI_Init)
    HAL_SPI_MspInit                          0x08002751   Thumb Code   114  spi.o(i.HAL_SPI_MspInit)
    HAL_SPI_TransmitReceive                  0x080027d1   Thumb Code   474  stm32f1xx_hal_spi.o(i.HAL_SPI_TransmitReceive)
    HAL_TIMEx_BreakCallback                  0x080029ab   Thumb Code     2  stm32f1xx_hal_tim_ex.o(i.HAL_TIMEx_BreakCallback)
    HAL_TIMEx_CommutCallback                 0x080029ad   Thumb Code     2  stm32f1xx_hal_tim_ex.o(i.HAL_TIMEx_CommutCallback)
    HAL_TIMEx_MasterConfigSynchronization    0x080029af   Thumb Code    66  stm32f1xx_hal_tim_ex.o(i.HAL_TIMEx_MasterConfigSynchronization)
    HAL_TIM_Base_Init                        0x080029f1   Thumb Code    54  stm32f1xx_hal_tim.o(i.HAL_TIM_Base_Init)
    HAL_TIM_Base_MspInit                     0x08002a29   Thumb Code    30  tim.o(i.HAL_TIM_Base_MspInit)
    HAL_TIM_Base_Start_IT                    0x08002a51   Thumb Code    34  stm32f1xx_hal_tim.o(i.HAL_TIM_Base_Start_IT)
    HAL_TIM_IC_CaptureCallback               0x08002a73   Thumb Code     2  stm32f1xx_hal_tim.o(i.HAL_TIM_IC_CaptureCallback)
    HAL_TIM_IRQHandler                       0x08002a75   Thumb Code   358  stm32f1xx_hal_tim.o(i.HAL_TIM_IRQHandler)
    HAL_TIM_MspPostInit                      0x08002bdd   Thumb Code    82  tim.o(i.HAL_TIM_MspPostInit)
    HAL_TIM_OC_DelayElapsedCallback          0x08002c41   Thumb Code     2  stm32f1xx_hal_tim.o(i.HAL_TIM_OC_DelayElapsedCallback)
    HAL_TIM_PWM_ConfigChannel                0x08002c43   Thumb Code   208  stm32f1xx_hal_tim.o(i.HAL_TIM_PWM_ConfigChannel)
    HAL_TIM_PWM_Init                         0x08002d13   Thumb Code    54  stm32f1xx_hal_tim.o(i.HAL_TIM_PWM_Init)
    HAL_TIM_PWM_MspInit                      0x08002d49   Thumb Code    30  tim.o(i.HAL_TIM_PWM_MspInit)
    HAL_TIM_PWM_PulseFinishedCallback        0x08002d71   Thumb Code     2  stm32f1xx_hal_tim.o(i.HAL_TIM_PWM_PulseFinishedCallback)
    HAL_TIM_PWM_Start                        0x08002d75   Thumb Code    58  stm32f1xx_hal_tim.o(i.HAL_TIM_PWM_Start)
    HAL_TIM_PeriodElapsedCallback            0x08002db9   Thumb Code    14  main.o(i.HAL_TIM_PeriodElapsedCallback)
    HAL_TIM_TriggerCallback                  0x08002dcd   Thumb Code     2  stm32f1xx_hal_tim.o(i.HAL_TIM_TriggerCallback)
    HAL_UART_DMAStop                         0x08002dcf   Thumb Code    88  stm32f1xx_hal_uart.o(i.HAL_UART_DMAStop)
    HAL_UART_ErrorCallback                   0x08002e27   Thumb Code     2  stm32f1xx_hal_uart.o(i.HAL_UART_ErrorCallback)
    HAL_UART_IRQHandler                      0x08002e29   Thumb Code   266  stm32f1xx_hal_uart.o(i.HAL_UART_IRQHandler)
    HAL_UART_Init                            0x08002f39   Thumb Code    98  stm32f1xx_hal_uart.o(i.HAL_UART_Init)
    HAL_UART_MspInit                         0x08002f9d   Thumb Code   520  usart.o(i.HAL_UART_MspInit)
    HAL_UART_Receive_DMA                     0x080031c9   Thumb Code   138  stm32f1xx_hal_uart.o(i.HAL_UART_Receive_DMA)
    HAL_UART_RxCpltCallback                  0x08003261   Thumb Code     2  stm32f1xx_hal_uart.o(i.HAL_UART_RxCpltCallback)
    HAL_UART_RxHalfCpltCallback              0x08003263   Thumb Code     2  stm32f1xx_hal_uart.o(i.HAL_UART_RxHalfCpltCallback)
    HAL_UART_Transmit                        0x08003265   Thumb Code   186  stm32f1xx_hal_uart.o(i.HAL_UART_Transmit)
    HAL_UART_TxCpltCallback                  0x0800331f   Thumb Code     2  stm32f1xx_hal_uart.o(i.HAL_UART_TxCpltCallback)
    HardFault_Handler                        0x08003321   Thumb Code     2  stm32f1xx_it.o(i.HardFault_Handler)
    Horizontal_Control                       0x08003325   Thumb Code    56  control.o(i.Horizontal_Control)
    IIC_Send_Byte                            0x08003365   Thumb Code    92  myiic.o(i.IIC_Send_Byte)
    IIC_Start                                0x080033c5   Thumb Code    64  myiic.o(i.IIC_Start)
    IIC_Stop                                 0x08003409   Thumb Code    64  myiic.o(i.IIC_Stop)
    IIC_Wait_Ack                             0x0800344d   Thumb Code    86  myiic.o(i.IIC_Wait_Ack)
    LED_SW                                   0x080034a9   Thumb Code    18  led.o(i.LED_SW)
    LED_Show                                 0x080034c1   Thumb Code    52  led.o(i.LED_Show)
    LED_Show2                                0x080034f5   Thumb Code    36  ledtasks.o(i.LED_Show2)
    Left_Conver                              0x08003519   Thumb Code    70  control.o(i.Left_Conver)
    MPU6050_Init                             0x08003579   Thumb Code    36  mpu6050.o(i.MPU6050_Init)
    MPU6050_ReadData                         0x080035a5   Thumb Code    88  mpu6050.o(i.MPU6050_ReadData)
    MPU6050_unpack                           0x08003605   Thumb Code   436  mpu6050.o(i.MPU6050_unpack)
    MS5803_Read_Sometimes                    0x080037c5   Thumb Code   216  ms5803.o(i.MS5803_Read_Sometimes)
    MS5803aInit                              0x080038a5   Thumb Code   458  ms5803.o(i.MS5803aInit)
    MX_ADC1_Init                             0x08003a7d   Thumb Code    70  adc.o(i.MX_ADC1_Init)
    MX_DMA_Init                              0x08003acd   Thumb Code   104  dma.o(i.MX_DMA_Init)
    MX_FREERTOS_Init                         0x08003b39   Thumb Code   144  freertos.o(i.MX_FREERTOS_Init)
    MX_GPIO_Init                             0x08003bd1   Thumb Code   314  gpio.o(i.MX_GPIO_Init)
    MX_SPI3_Init                             0x08003d25   Thumb Code    62  spi.o(i.MX_SPI3_Init)
    MX_TIM3_Init                             0x08003d6d   Thumb Code   156  tim.o(i.MX_TIM3_Init)
    MX_TIM6_Init                             0x08003e11   Thumb Code    58  tim.o(i.MX_TIM6_Init)
    MX_USART1_UART_Init                      0x08003e55   Thumb Code    48  usart.o(i.MX_USART1_UART_Init)
    MX_USART2_UART_Init                      0x08003e8d   Thumb Code    48  usart.o(i.MX_USART2_UART_Init)
    MX_USART3_UART_Init                      0x08003ec5   Thumb Code    48  usart.o(i.MX_USART3_UART_Init)
    MemManage_Handler                        0x08003efd   Thumb Code     2  stm32f1xx_it.o(i.MemManage_Handler)
    NLPID_Init                               0x08003f01   Thumb Code   164  pid.o(i.NLPID_Init)
    NLfal                                    0x08003fed   Thumb Code   106  pid.o(i.NLfal)
    NMI_Handler                              0x08004061   Thumb Code     2  stm32f1xx_it.o(i.NMI_Handler)
    PID_Clear                                0x08004063   Thumb Code    18  pid.o(i.PID_Clear)
    PID_Init                                 0x08004075   Thumb Code    60  pid.o(i.PID_Init)
    PID_Param_Init                           0x080040b9   Thumb Code    50  pid.o(i.PID_Param_Init)
    PWM_Init                                 0x080040ed   Thumb Code    60  pwm.o(i.PWM_Init)
    Pi_Stm32_unpackData                      0x0800412d   Thumb Code   140  message_task.o(i.Pi_Stm32_unpackData)
    PowerON_SwitchSelfHold                   0x080041c1   Thumb Code    22  switch.o(i.PowerON_SwitchSelfHold)
    Read_DHT11                               0x0800423d   Thumb Code   172  dht11.o(i.Read_DHT11)
    Read_P                                   0x080042ed   Thumb Code   114  ms5803.o(i.Read_P)
    Read_T                                   0x08004369   Thumb Code   114  ms5803.o(i.Read_T)
    Right_Conver                             0x080043e5   Thumb Code    70  control.o(i.Right_Conver)
    Rocker_SOTF_Init                         0x08004445   Thumb Code    26  pid.o(i.Rocker_SOTF_Init)
    SDA_In                                   0x08004471   Thumb Code    28  myiic.o(i.SDA_In)
    SDA_Out                                  0x08004491   Thumb Code    28  myiic.o(i.SDA_Out)
    SOTFOutput                               0x080044b1   Thumb Code   104  pid.o(i.SOTFOutput)
    SPI3_IRQHandler                          0x08004519   Thumb Code     6  stm32f1xx_it.o(i.SPI3_IRQHandler)
    SPI_treatment                            0x080045e9   Thumb Code    40  ms5803.o(i.SPI_treatment)
    SX1278_GetWorkingParam                   0x0800463d   Thumb Code    68  sx1278.o(i.SX1278_GetWorkingParam)
    SX1278_Init                              0x08004691   Thumb Code    78  sx1278.o(i.SX1278_Init)
    SX1278_SendData                          0x080046ed   Thumb Code    14  sx1278.o(i.SX1278_SendData)
    SX1278_SetWorkingParam                   0x08004701   Thumb Code    66  sx1278.o(i.SX1278_SetWorkingParam)
    SX1278_unpackData                        0x08004755   Thumb Code    30  message_task.o(i.SX1278_unpackData)
    SetValf32                                0x08004781   Thumb Code    38  pid.o(i.SetValf32)
    Stm32_Pi_Init                            0x080047a9   Thumb Code    28  stm32_pi.o(i.Stm32_Pi_Init)
    SysTick_Handler                          0x080047cd   Thumb Code    38  port.o(i.SysTick_Handler)
    SystemClock_Config                       0x080047f9   Thumb Code    98  main.o(i.SystemClock_Config)
    SystemInit                               0x0800485d   Thumb Code    56  system_stm32f1xx.o(i.SystemInit)
    TIM7_IRQHandler                          0x080048a5   Thumb Code     6  stm32f1xx_it.o(i.TIM7_IRQHandler)
    TIM_Base_SetConfig                       0x080048b1   Thumb Code   120  stm32f1xx_hal_tim.o(i.TIM_Base_SetConfig)
    TIM_CCxChannelCmd                        0x0800493d   Thumb Code    26  stm32f1xx_hal_tim.o(i.TIM_CCxChannelCmd)
    TIM_OC2_SetConfig                        0x080049b9   Thumb Code    98  stm32f1xx_hal_tim.o(i.TIM_OC2_SetConfig)
    Task_Queue_Semaphore_Timers_Create       0x08004add   Thumb Code   102  board.o(i.Task_Queue_Semaphore_Timers_Create)
    USART1_IRQHandler                        0x08004e29   Thumb Code    18  stm32f1xx_it.o(i.USART1_IRQHandler)
    USART2_IRQHandler                        0x08004e41   Thumb Code    18  stm32f1xx_it.o(i.USART2_IRQHandler)
    USART3_IRQHandler                        0x08004e59   Thumb Code    18  stm32f1xx_it.o(i.USART3_IRQHandler)
    USER_UART_IRQHandler                     0x08004e71   Thumb Code    52  board.o(i.USER_UART_IRQHandler)
    UsageFault_Handler                       0x08004eb1   Thumb Code     2  stm32f1xx_it.o(i.UsageFault_Handler)
    YAWPID_Control                           0x08004eb3   Thumb Code   558  pid.o(i.YAWPID_Control)
    YawErrorDispose                          0x080050e1   Thumb Code   156  pid.o(i.YawErrorDispose)
    __0sprintf                               0x08005189   Thumb Code    34  printfa.o(i.__0sprintf)
    __1sprintf                               0x08005189   Thumb Code     0  printfa.o(i.__0sprintf)
    __2sprintf                               0x08005189   Thumb Code     0  printfa.o(i.__0sprintf)
    __c89sprintf                             0x08005189   Thumb Code     0  printfa.o(i.__0sprintf)
    sprintf                                  0x08005189   Thumb Code     0  printfa.o(i.__0sprintf)
    __ARM_fpclassify                         0x080051b1   Thumb Code    40  fpclassify.o(i.__ARM_fpclassify)
    __kernel_poly                            0x080051f9   Thumb Code   170  poly.o(i.__kernel_poly)
    __mathlib_dbl_divzero                    0x080052a5   Thumb Code    12  dunder.o(i.__mathlib_dbl_divzero)
    __mathlib_dbl_infnan2                    0x080052b5   Thumb Code     4  dunder.o(i.__mathlib_dbl_infnan2)
    __mathlib_dbl_invalid                    0x080052b9   Thumb Code    12  dunder.o(i.__mathlib_dbl_invalid)
    __mathlib_dbl_overflow                   0x080052c5   Thumb Code    14  dunder.o(i.__mathlib_dbl_overflow)
    __mathlib_dbl_underflow                  0x080052d5   Thumb Code    10  dunder.o(i.__mathlib_dbl_underflow)
    __scatterload_copy                       0x080052e5   Thumb Code    14  handlers.o(i.__scatterload_copy)
    __scatterload_null                       0x080052f3   Thumb Code     2  handlers.o(i.__scatterload_null)
    __scatterload_zeroinit                   0x080052f5   Thumb Code    14  handlers.o(i.__scatterload_zeroinit)
    __set_errno                              0x08005305   Thumb Code     6  errno.o(i.__set_errno)
    control_Task_Function                    0x08005bad   Thumb Code   202  control_task.o(i.control_Task_Function)
    delay_ms                                 0x08005ca5   Thumb Code    30  board.o(i.delay_ms)
    delay_sys_us                             0x08005cc3   Thumb Code    16  board.o(i.delay_sys_us)
    imu_Task_Function                        0x08005cd5   Thumb Code    78  compass_task.o(i.imu_Task_Function)
    led_Task_Function                        0x08005d3d   Thumb Code    38  ledtasks.o(i.led_Task_Function)
    main                                     0x08005d69   Thumb Code    58  main.o(i.main)
    message_Task_Function                    0x08005db1   Thumb Code   360  message_task.o(i.message_Task_Function)
    osDelay                                  0x08005f81   Thumb Code    14  cmsis_os.o(i.osDelay)
    osKernelStart                            0x08005f8f   Thumb Code    10  cmsis_os.o(i.osKernelStart)
    osThreadCreate                           0x08005f99   Thumb Code    84  cmsis_os.o(i.osThreadCreate)
    pow                                      0x08005fed   Thumb Code  2478  pow.o(i.pow)
    pressure_Task_Function                   0x080069a5   Thumb Code    28  pressure_task.o(i.pressure_Task_Function)
    pvPortMalloc                             0x08006e39   Thumb Code   210  heap_4.o(i.pvPortMalloc)
    pxPortInitialiseStack                    0x08006f11   Thumb Code    32  port.o(i.pxPortInitialiseStack)
    qmc_init                                 0x08006f35   Thumb Code    44  qmc5883l.o(i.qmc_init)
    qmc_write_reg                            0x08006f61   Thumb Code    48  qmc5883l.o(i.qmc_write_reg)
    sensor_Task_Function                     0x08006f91   Thumb Code    60  sensor_task.o(i.sensor_Task_Function)
    sign                                     0x08006fd9   Thumb Code    26  pid.o(i.sign)
    sqrt                                     0x08006ff9   Thumb Code    76  sqrt.o(i.sqrt)
    uxListRemove                             0x08007045   Thumb Code    38  list.o(i.uxListRemove)
    vApplicationGetIdleTaskMemory            0x0800706d   Thumb Code    16  freertos.o(i.vApplicationGetIdleTaskMemory)
    vListInitialise                          0x08007081   Thumb Code    22  list.o(i.vListInitialise)
    vListInitialiseItem                      0x08007097   Thumb Code     6  list.o(i.vListInitialiseItem)
    vListInsert                              0x0800709d   Thumb Code    48  list.o(i.vListInsert)
    vListInsertEnd                           0x080070cd   Thumb Code    24  list.o(i.vListInsertEnd)
    vPortEnterCritical                       0x080070e5   Thumb Code    54  port.o(i.vPortEnterCritical)
    vPortExitCritical                        0x08007125   Thumb Code    34  port.o(i.vPortExitCritical)
    vPortFree                                0x0800714d   Thumb Code    88  heap_4.o(i.vPortFree)
    vPortSetupTimerInterrupt                 0x080071a9   Thumb Code    32  port.o(i.vPortSetupTimerInterrupt)
    vPortValidateInterruptPriority           0x080071cd   Thumb Code    74  port.o(i.vPortValidateInterruptPriority)
    vTaskDelay                               0x08007221   Thumb Code    66  tasks.o(i.vTaskDelay)
    vTaskDelayUntil                          0x0800726d   Thumb Code   136  tasks.o(i.vTaskDelayUntil)
    vTaskInternalSetTimeOutState             0x080072fd   Thumb Code    12  tasks.o(i.vTaskInternalSetTimeOutState)
    vTaskMissedYield                         0x0800730d   Thumb Code     8  tasks.o(i.vTaskMissedYield)
    vTaskPlaceOnEventList                    0x08007319   Thumb Code    44  tasks.o(i.vTaskPlaceOnEventList)
    vTaskStartScheduler                      0x08007349   Thumb Code    90  tasks.o(i.vTaskStartScheduler)
    vTaskSuspendAll                          0x080073b5   Thumb Code    10  tasks.o(i.vTaskSuspendAll)
    vTaskSwitchContext                       0x080073c5   Thumb Code    82  tasks.o(i.vTaskSwitchContext)
    xPortStartScheduler                      0x08007421   Thumb Code   156  port.o(i.xPortStartScheduler)
    xQueueGenericCreate                      0x080074c9   Thumb Code    72  queue.o(i.xQueueGenericCreate)
    xQueueGenericReset                       0x08007511   Thumb Code   132  queue.o(i.xQueueGenericReset)
    xQueueGenericSend                        0x08007599   Thumb Code   350  queue.o(i.xQueueGenericSend)
    xQueueGenericSendFromISR                 0x080076fd   Thumb Code   188  queue.o(i.xQueueGenericSendFromISR)
    xQueuePeek                               0x080077b9   Thumb Code   308  queue.o(i.xQueuePeek)
    xQueueReceive                            0x080078f1   Thumb Code   308  queue.o(i.xQueueReceive)
    xTaskCheckForTimeOut                     0x08007a29   Thumb Code   112  tasks.o(i.xTaskCheckForTimeOut)
    xTaskCreate                              0x08007a9d   Thumb Code    90  tasks.o(i.xTaskCreate)
    xTaskCreateStatic                        0x08007af7   Thumb Code    90  tasks.o(i.xTaskCreateStatic)
    xTaskGetSchedulerState                   0x08007b51   Thumb Code    22  tasks.o(i.xTaskGetSchedulerState)
    xTaskGetTickCount                        0x08007b6d   Thumb Code     6  tasks.o(i.xTaskGetTickCount)
    xTaskIncrementTick                       0x08007b79   Thumb Code   192  tasks.o(i.xTaskIncrementTick)
    xTaskPriorityDisinherit                  0x08007c41   Thumb Code   144  tasks.o(i.xTaskPriorityDisinherit)
    xTaskRemoveFromEventList                 0x08007cd9   Thumb Code   108  tasks.o(i.xTaskRemoveFromEventList)
    xTaskResumeAll                           0x08007d4d   Thumb Code   182  tasks.o(i.xTaskResumeAll)
    AHBPrescTable                            0x08007eb8   Data          16  system_stm32f1xx.o(.constdata)
    APBPrescTable                            0x08007ec8   Data           8  system_stm32f1xx.o(.constdata)
    __mathlib_zero                           0x08007f58   Data           8  qnan.o(.constdata)
    Region$$Table$$Base                      0x08007fa4   Number         0  anon$$obj.o(Region$$Table)
    Region$$Table$$Limit                     0x08007fc4   Number         0  anon$$obj.o(Region$$Table)
    messageTaskHandle                        0x20000000   Data           4  freertos.o(.data)
    sensorTaskHandle                         0x20000004   Data           4  freertos.o(.data)
    controlTaskHandle                        0x20000008   Data           4  freertos.o(.data)
    imuTaskHandle                            0x2000000c   Data           4  freertos.o(.data)
    ledTaskHandle                            0x20000010   Data           4  freertos.o(.data)
    pressureTaskHandle                       0x20000014   Data           4  freertos.o(.data)
    SystemCoreClock                          0x20000018   Data           4  system_stm32f1xx.o(.data)
    MPU6050_Rec_Queue                        0x2000001c   Data           4  board.o(.data)
    MPU6050_Msg_Queue                        0x20000020   Data           4  board.o(.data)
    Control_Message_Queue                    0x20000024   Data           4  board.o(.data)
    Pressure_Message_Queue                   0x20000028   Data           4  board.o(.data)
    TempHum_Message_Queue                    0x2000002c   Data           4  board.o(.data)
    Battery_Message_Queue                    0x20000030   Data           4  board.o(.data)
    DHT11_Data                               0x20000034   Data           5  dht11.o(.data)
    TempHum                                  0x2000003c   Data           8  dht11.o(.data)
    g_Deep                                   0x20000048   Data           2  ms5803.o(.data)
    g_Temper                                 0x2000004c   Data           4  ms5803.o(.data)
    D1                                       0x20000050   Data           4  ms5803.o(.data)
    D2                                       0x20000054   Data           4  ms5803.o(.data)
    d1_l                                     0x20000058   Data           4  ms5803.o(.data)
    d2_l                                     0x2000005c   Data           4  ms5803.o(.data)
    YA_C_Flag                                0x20000060   Data           4  ms5803.o(.data)
    P_base                                   0x20000068   Data           8  ms5803.o(.data)
    pa                                       0x20000070   Data           8  ms5803.o(.data)
    ms5803                                   0x20000078   Data           8  ms5803.o(.data)
    sx1278_parse                             0x20000080   Data           1  sx1278.o(.data)
    thruster_heading_pid_param               0x20000088   Data          48  pid.o(.data)
    Deep_pid_param                           0x200000b8   Data          48  pid.o(.data)
    Pitch_pid_param                          0x200000e8   Data          48  pid.o(.data)
    xCounterPi_To_Stm32                      0x20000118   Data           2  control.o(.data)
    left_pwm                                 0x20000124   Data           4  control.o(.data)
    right_pwm                                0x20000128   Data           4  control.o(.data)
    head_en                                  0x20000130   Data           1  control_task.o(.data)
    test_motor                               0x20000132   Data           2  control_task.o(.data)
    heading_pid_tar                          0x20000134   Data           4  control_task.o(.data)
    heading_pid_out                          0x20000138   Data           4  control_task.o(.data)
    move_scale                               0x2000013c   Data           4  control_task.o(.data)
    navi_center_to_line_angle                0x20000140   Data           4  message_task.o(.data)
    navi_center_to_line_distance             0x20000144   Data           4  message_task.o(.data)
    receive_letter                           0x20000148   Data           4  message_task.o(.data)
    led_flag                                 0x20000150   Data           4  message_task.o(.data)
    uwTickFreq                               0x20000154   Data           1  stm32f1xx_hal.o(.data)
    uwTickPrio                               0x20000158   Data           4  stm32f1xx_hal.o(.data)
    uwTick                                   0x2000015c   Data           4  stm32f1xx_hal.o(.data)
    pxCurrentTCB                             0x20000160   Data           4  tasks.o(.data)
    hadc1                                    0x200001c4   Data          48  adc.o(.bss)
    hdma_adc1                                0x200001f4   Data          68  adc.o(.bss)
    hspi3                                    0x2000048c   Data          88  spi.o(.bss)
    htim3                                    0x200004e4   Data          64  tim.o(.bss)
    htim6                                    0x20000524   Data          64  tim.o(.bss)
    huart1                                   0x20000564   Data          64  usart.o(.bss)
    huart2                                   0x200005a4   Data          64  usart.o(.bss)
    huart3                                   0x200005e4   Data          64  usart.o(.bss)
    hdma_usart1_rx                           0x20000624   Data          68  usart.o(.bss)
    hdma_usart2_rx                           0x20000668   Data          68  usart.o(.bss)
    hdma_usart2_tx                           0x200006ac   Data          68  usart.o(.bss)
    hdma_usart3_rx                           0x200006f0   Data          68  usart.o(.bss)
    htim7                                    0x20000734   Data          64  stm32f1xx_hal_timebase_tim.o(.bss)
    ADC_Value                                0x20000774   Data         400  batt.o(.bss)
    mpu6050_rec                              0x20000904   Data         260  mpu6050.o(.bss)
    mpu6050_data                             0x20000a58   Data          36  mpu6050.o(.bss)
    C                                        0x20000a7c   Data          32  ms5803.o(.bss)
    SX1278_Rec                               0x20000a9c   Data         260  sx1278.o(.bss)
    thruster_heading_pid                     0x20000ba0   Data          76  pid.o(.bss)
    Deep_pid                                 0x20000bec   Data          76  pid.o(.bss)
    Heading_pid                              0x20000c38   Data          76  pid.o(.bss)
    Pitch_pid                                0x20000c84   Data          76  pid.o(.bss)
    YawNLPID                                 0x20000cd0   Data         284  pid.o(.bss)
    send_buf                                 0x20000dec   Data          30  stm32_pi.o(.bss)
    stm32_pi_Rec                             0x20000e0a   Data         260  stm32_pi.o(.bss)
    control_data                             0x20000f10   Data          44  control_task.o(.bss)
    RockerYAWGs                              0x20000f3c   Data          48  control_task.o(.bss)
    SensorData                               0x20000f6c   Data          56  sensor_task.o(.bss)
    temp_buf                                 0x20000fa4   Data          50  message_task.o(.bss)
    temp_buf4                                0x20000fd6   Data          50  message_task.o(.bss)
    temp_buf6                                0x20001008   Data          50  message_task.o(.bss)
    temp_buf7                                0x2000103a   Data          50  message_task.o(.bss)
    __initial_sp                             0x20003588   Data           0  startup_stm32f103xe.o(STACK)



==============================================================================

Memory Map of the image

  Image Entry point : 0x08000131

  Load Region LR_IROM1 (Base: 0x08000000, Size: 0x00008188, Max: 0x00040000, ABSOLUTE, COMPRESSED[0x00008004])

    Execution Region ER_IROM1 (Base: 0x08000000, Size: 0x00007fc4, Max: 0x00040000, ABSOLUTE)

    Base Addr    Size         Type   Attr      Idx    E Section Name        Object

    0x08000000   0x00000130   Data   RO            3    RESET               startup_stm32f103xe.o
    0x08000130   0x00000000   Code   RO         6097  * .ARM.Collect$$$$00000000  mc_w.l(entry.o)
    0x08000130   0x00000004   Code   RO         6446    .ARM.Collect$$$$00000001  mc_w.l(entry2.o)
    0x08000134   0x00000004   Code   RO         6449    .ARM.Collect$$$$00000004  mc_w.l(entry5.o)
    0x08000138   0x00000000   Code   RO         6451    .ARM.Collect$$$$00000008  mc_w.l(entry7b.o)
    0x08000138   0x00000000   Code   RO         6453    .ARM.Collect$$$$0000000A  mc_w.l(entry8b.o)
    0x08000138   0x00000008   Code   RO         6454    .ARM.Collect$$$$0000000B  mc_w.l(entry9a.o)
    0x08000140   0x00000000   Code   RO         6456    .ARM.Collect$$$$0000000D  mc_w.l(entry10a.o)
    0x08000140   0x00000000   Code   RO         6458    .ARM.Collect$$$$0000000F  mc_w.l(entry11a.o)
    0x08000140   0x00000004   Code   RO         6447    .ARM.Collect$$$$00002712  mc_w.l(entry2.o)
    0x08000144   0x00000096   Code   RO         6010    .emb_text           port.o
    0x080001da   0x00000002   PAD
    0x080001dc   0x00000024   Code   RO            4    .text               startup_stm32f103xe.o
    0x08000200   0x00000020   Code   RO         6100    .text               mc_w.l(llushr.o)
    0x08000220   0x00000024   Code   RO         6102    .text               mc_w.l(memcpya.o)
    0x08000244   0x00000024   Code   RO         6106    .text               mc_w.l(memseta.o)
    0x08000268   0x00000024   Code   RO         6108    .text               mc_w.l(strstr.o)
    0x0800028c   0x0000000e   Code   RO         6110    .text               mc_w.l(strlen.o)
    0x0800029a   0x000000b0   Code   RO         6375    .text               mf_w.l(fadd.o)
    0x0800034a   0x00000064   Code   RO         6377    .text               mf_w.l(fmul.o)
    0x080003ae   0x0000007c   Code   RO         6379    .text               mf_w.l(fdiv.o)
    0x0800042a   0x00000018   Code   RO         6381    .text               mf_w.l(fscalb.o)
    0x08000442   0x0000014e   Code   RO         6383    .text               mf_w.l(dadd.o)
    0x08000590   0x000000e4   Code   RO         6385    .text               mf_w.l(dmul.o)
    0x08000674   0x000000de   Code   RO         6387    .text               mf_w.l(ddiv.o)
    0x08000752   0x0000002e   Code   RO         6389    .text               mf_w.l(dscalb.o)
    0x08000780   0x00000012   Code   RO         6391    .text               mf_w.l(fflti.o)
    0x08000792   0x0000000a   Code   RO         6393    .text               mf_w.l(ffltui.o)
    0x0800079c   0x00000022   Code   RO         6395    .text               mf_w.l(dflti.o)
    0x080007be   0x0000001a   Code   RO         6397    .text               mf_w.l(dfltui.o)
    0x080007d8   0x00000032   Code   RO         6399    .text               mf_w.l(ffixi.o)
    0x0800080a   0x0000003e   Code   RO         6403    .text               mf_w.l(dfixi.o)
    0x08000848   0x00000032   Code   RO         6405    .text               mf_w.l(dfixui.o)
    0x0800087a   0x00000026   Code   RO         6407    .text               mf_w.l(f2d.o)
    0x080008a0   0x00000030   Code   RO         6409    .text               mf_w.l(cdcmple.o)
    0x080008d0   0x00000030   Code   RO         6411    .text               mf_w.l(cdrcmple.o)
    0x08000900   0x00000038   Code   RO         6413    .text               mf_w.l(d2f.o)
    0x08000938   0x00000014   Code   RO         6415    .text               mf_w.l(cfcmple.o)
    0x0800094c   0x00000014   Code   RO         6417    .text               mf_w.l(cfrcmple.o)
    0x08000960   0x0000002c   Code   RO         6463    .text               mc_w.l(uidiv.o)
    0x0800098c   0x00000062   Code   RO         6465    .text               mc_w.l(uldiv.o)
    0x080009ee   0x0000001e   Code   RO         6467    .text               mc_w.l(llshl.o)
    0x08000a0c   0x00000024   Code   RO         6469    .text               mc_w.l(llsshr.o)
    0x08000a30   0x00000000   Code   RO         6478    .text               mc_w.l(iusefp.o)
    0x08000a30   0x0000006e   Code   RO         6479    .text               mf_w.l(fepilogue.o)
    0x08000a9e   0x000000ba   Code   RO         6481    .text               mf_w.l(depilogue.o)
    0x08000b58   0x00000030   Code   RO         6483    .text               mf_w.l(dfixul.o)
    0x08000b88   0x00000024   Code   RO         6485    .text               mc_w.l(init.o)
    0x08000bac   0x000000a2   Code   RO         6489    .text               mf_w.l(dsqrt.o)
    0x08000c4e   0x00000056   Code   RO         6499    .text               mc_w.l(__dczerorl2.o)
    0x08000ca4   0x0000004a   Code   RO         1990    i.ADC_ConversionStop_Disable  stm32f1xx_hal_adc.o
    0x08000cee   0x0000004e   Code   RO         1991    i.ADC_DMAConvCplt   stm32f1xx_hal_adc.o
    0x08000d3c   0x0000001a   Code   RO         1992    i.ADC_DMAError      stm32f1xx_hal_adc.o
    0x08000d56   0x0000000a   Code   RO         1993    i.ADC_DMAHalfConvCplt  stm32f1xx_hal_adc.o
    0x08000d60   0x00000070   Code   RO         1994    i.ADC_Enable        stm32f1xx_hal_adc.o
    0x08000dd0   0x00000018   Code   RO         1611    i.Adder_Control_Disable_Counter  control.o
    0x08000de8   0x0000002e   Code   RO          837    i.BSP_Init          board.o
    0x08000e16   0x00000002   PAD
    0x08000e18   0x00000014   Code   RO          929    i.Batt_Init         batt.o
    0x08000e2c   0x00000002   Code   RO          609    i.BusFault_Handler  stm32f1xx_it.o
    0x08000e2e   0x00000002   PAD
    0x08000e30   0x000002a8   Code   RO         1278    i.Change_MS5803     ms5803.o
    0x080010d8   0x0000000c   Code   RO         1612    i.Clear_Control_Disable_Counter  control.o
    0x080010e4   0x00000020   Code   RO         1161    i.DHT11_Mode_Out_PP  dht11.o
    0x08001104   0x0000002c   Code   RO         1162    i.DHT11_Read_Data   dht11.o
    0x08001130   0x00000010   Code   RO         1164    i.DHT11_init        dht11.o
    0x08001140   0x0000000c   Code   RO          610    i.DMA1_Channel1_IRQHandler  stm32f1xx_it.o
    0x0800114c   0x0000000c   Code   RO          611    i.DMA1_Channel3_IRQHandler  stm32f1xx_it.o
    0x08001158   0x0000000c   Code   RO          612    i.DMA1_Channel5_IRQHandler  stm32f1xx_it.o
    0x08001164   0x0000000c   Code   RO          613    i.DMA1_Channel6_IRQHandler  stm32f1xx_it.o
    0x08001170   0x0000000c   Code   RO          614    i.DMA1_Channel7_IRQHandler  stm32f1xx_it.o
    0x0800117c   0x0000002a   Code   RO         2644    i.DMA_SetConfig     stm32f1xx_hal_dma.o
    0x080011a6   0x00000002   Code   RO          615    i.DebugMon_Handler  stm32f1xx_it.o
    0x080011a8   0x00000006   Code   RO          616    i.EXTI3_IRQHandler  stm32f1xx_it.o
    0x080011ae   0x00000002   Code   RO           13    i.Error_Handler     main.o
    0x080011b0   0x0000005c   Code   RO          931    i.GetVoltage        batt.o
    0x0800120c   0x00000024   Code   RO          932    i.Get_Batt_Data     batt.o
    0x08001230   0x00000014   Code   RO         1613    i.Get_Control_Disable_Counter_State  control.o
    0x08001244   0x0000001c   Code   RO         1279    i.Get_Pressure      ms5803.o
    0x08001260   0x000000fc   Code   RO         1996    i.HAL_ADC_ConfigChannel  stm32f1xx_hal_adc.o
    0x0800135c   0x00000002   Code   RO         1997    i.HAL_ADC_ConvCpltCallback  stm32f1xx_hal_adc.o
    0x0800135e   0x00000002   Code   RO         1998    i.HAL_ADC_ConvHalfCpltCallback  stm32f1xx_hal_adc.o
    0x08001360   0x00000002   Code   RO         2000    i.HAL_ADC_ErrorCallback  stm32f1xx_hal_adc.o
    0x08001362   0x00000002   PAD
    0x08001364   0x00000124   Code   RO         2005    i.HAL_ADC_Init      stm32f1xx_hal_adc.o
    0x08001488   0x00000090   Code   RO          302    i.HAL_ADC_MspInit   adc.o
    0x08001518   0x0000010c   Code   RO         2012    i.HAL_ADC_Start_DMA  stm32f1xx_hal_adc.o
    0x08001624   0x00000046   Code   RO         2645    i.HAL_DMA_Abort     stm32f1xx_hal_dma.o
    0x0800166a   0x00000002   PAD
    0x0800166c   0x00000130   Code   RO         2646    i.HAL_DMA_Abort_IT  stm32f1xx_hal_dma.o
    0x0800179c   0x00000248   Code   RO         2650    i.HAL_DMA_IRQHandler  stm32f1xx_hal_dma.o
    0x080019e4   0x0000007c   Code   RO         2651    i.HAL_DMA_Init      stm32f1xx_hal_dma.o
    0x08001a60   0x00000070   Code   RO         2655    i.HAL_DMA_Start_IT  stm32f1xx_hal_dma.o
    0x08001ad0   0x00000024   Code   RO         2273    i.HAL_Delay         stm32f1xx_hal.o
    0x08001af4   0x0000002c   Code   RO          838    i.HAL_GPIO_EXTI_Callback  board.o
    0x08001b20   0x00000018   Code   RO         2580    i.HAL_GPIO_EXTI_IRQHandler  stm32f1xx_hal_gpio.o
    0x08001b38   0x000001f0   Code   RO         2581    i.HAL_GPIO_Init     stm32f1xx_hal_gpio.o
    0x08001d28   0x0000000a   Code   RO         2583    i.HAL_GPIO_ReadPin  stm32f1xx_hal_gpio.o
    0x08001d32   0x0000000e   Code   RO         2584    i.HAL_GPIO_TogglePin  stm32f1xx_hal_gpio.o
    0x08001d40   0x0000000a   Code   RO         2585    i.HAL_GPIO_WritePin  stm32f1xx_hal_gpio.o
    0x08001d4a   0x00000002   PAD
    0x08001d4c   0x0000000c   Code   RO         2277    i.HAL_GetTick       stm32f1xx_hal.o
    0x08001d58   0x00000010   Code   RO         2283    i.HAL_IncTick       stm32f1xx_hal.o
    0x08001d68   0x00000024   Code   RO         2284    i.HAL_Init          stm32f1xx_hal.o
    0x08001d8c   0x00000074   Code   RO          760    i.HAL_InitTick      stm32f1xx_hal_timebase_tim.o
    0x08001e00   0x00000054   Code   RO         1414    i.HAL_LORA_To_UART_Receive_IDLE  sx1278.o
    0x08001e54   0x0000005c   Code   RO         1219    i.HAL_MPU_To_UART_Receive_IDLE  mpu6050.o
    0x08001eb0   0x00000048   Code   RO          736    i.HAL_MspInit       stm32f1xx_hal_msp.o
    0x08001ef8   0x0000001a   Code   RO         2741    i.HAL_NVIC_EnableIRQ  stm32f1xx_hal_cortex.o
    0x08001f12   0x00000002   PAD
    0x08001f14   0x00000040   Code   RO         2747    i.HAL_NVIC_SetPriority  stm32f1xx_hal_cortex.o
    0x08001f54   0x00000024   Code   RO         2748    i.HAL_NVIC_SetPriorityGrouping  stm32f1xx_hal_cortex.o
    0x08001f78   0x00000054   Code   RO         1687    i.HAL_PI_To_UART_Receive_IDLE  stm32_pi.o
    0x08001fcc   0x000000e8   Code   RO         2544    i.HAL_RCCEx_PeriphCLKConfig  stm32f1xx_hal_rcc_ex.o
    0x080020b4   0x00000138   Code   RO         2441    i.HAL_RCC_ClockConfig  stm32f1xx_hal_rcc.o
    0x080021ec   0x00000040   Code   RO         2445    i.HAL_RCC_GetClockConfig  stm32f1xx_hal_rcc.o
    0x0800222c   0x00000020   Code   RO         2448    i.HAL_RCC_GetPCLK1Freq  stm32f1xx_hal_rcc.o
    0x0800224c   0x00000020   Code   RO         2449    i.HAL_RCC_GetPCLK2Freq  stm32f1xx_hal_rcc.o
    0x0800226c   0x0000006c   Code   RO         2450    i.HAL_RCC_GetSysClockFreq  stm32f1xx_hal_rcc.o
    0x080022d8   0x00000318   Code   RO         2453    i.HAL_RCC_OscConfig  stm32f1xx_hal_rcc.o
    0x080025f0   0x00000002   Code   RO         3248    i.HAL_SPI_ErrorCallback  stm32f1xx_hal_spi.o
    0x080025f2   0x00000002   PAD
    0x080025f4   0x000000e0   Code   RO         3251    i.HAL_SPI_IRQHandler  stm32f1xx_hal_spi.o
    0x080026d4   0x0000007c   Code   RO         3252    i.HAL_SPI_Init      stm32f1xx_hal_spi.o
    0x08002750   0x00000080   Code   RO          448    i.HAL_SPI_MspInit   spi.o
    0x080027d0   0x000001da   Code   RO         3261    i.HAL_SPI_TransmitReceive  stm32f1xx_hal_spi.o
    0x080029aa   0x00000002   Code   RO         4240    i.HAL_TIMEx_BreakCallback  stm32f1xx_hal_tim_ex.o
    0x080029ac   0x00000002   Code   RO         4241    i.HAL_TIMEx_CommutCallback  stm32f1xx_hal_tim_ex.o
    0x080029ae   0x00000042   Code   RO         4258    i.HAL_TIMEx_MasterConfigSynchronization  stm32f1xx_hal_tim_ex.o
    0x080029f0   0x00000036   Code   RO         3565    i.HAL_TIM_Base_Init  stm32f1xx_hal_tim.o
    0x08002a26   0x00000002   PAD
    0x08002a28   0x00000028   Code   RO          490    i.HAL_TIM_Base_MspInit  tim.o
    0x08002a50   0x00000022   Code   RO         3570    i.HAL_TIM_Base_Start_IT  stm32f1xx_hal_tim.o
    0x08002a72   0x00000002   Code   RO         3594    i.HAL_TIM_IC_CaptureCallback  stm32f1xx_hal_tim.o
    0x08002a74   0x00000166   Code   RO         3608    i.HAL_TIM_IRQHandler  stm32f1xx_hal_tim.o
    0x08002bda   0x00000002   PAD
    0x08002bdc   0x00000064   Code   RO          491    i.HAL_TIM_MspPostInit  tim.o
    0x08002c40   0x00000002   Code   RO         3611    i.HAL_TIM_OC_DelayElapsedCallback  stm32f1xx_hal_tim.o
    0x08002c42   0x000000d0   Code   RO         3632    i.HAL_TIM_PWM_ConfigChannel  stm32f1xx_hal_tim.o
    0x08002d12   0x00000036   Code   RO         3635    i.HAL_TIM_PWM_Init  stm32f1xx_hal_tim.o
    0x08002d48   0x00000028   Code   RO          493    i.HAL_TIM_PWM_MspInit  tim.o
    0x08002d70   0x00000002   Code   RO         3638    i.HAL_TIM_PWM_PulseFinishedCallback  stm32f1xx_hal_tim.o
    0x08002d72   0x00000002   PAD
    0x08002d74   0x00000044   Code   RO         3640    i.HAL_TIM_PWM_Start  stm32f1xx_hal_tim.o
    0x08002db8   0x00000014   Code   RO           14    i.HAL_TIM_PeriodElapsedCallback  main.o
    0x08002dcc   0x00000002   Code   RO         3651    i.HAL_TIM_TriggerCallback  stm32f1xx_hal_tim.o
    0x08002dce   0x00000058   Code   RO         4510    i.HAL_UART_DMAStop  stm32f1xx_hal_uart.o
    0x08002e26   0x00000002   Code   RO         4512    i.HAL_UART_ErrorCallback  stm32f1xx_hal_uart.o
    0x08002e28   0x00000110   Code   RO         4515    i.HAL_UART_IRQHandler  stm32f1xx_hal_uart.o
    0x08002f38   0x00000062   Code   RO         4516    i.HAL_UART_Init     stm32f1xx_hal_uart.o
    0x08002f9a   0x00000002   PAD
    0x08002f9c   0x0000022c   Code   RO          556    i.HAL_UART_MspInit  usart.o
    0x080031c8   0x00000098   Code   RO         4520    i.HAL_UART_Receive_DMA  stm32f1xx_hal_uart.o
    0x08003260   0x00000002   Code   RO         4522    i.HAL_UART_RxCpltCallback  stm32f1xx_hal_uart.o
    0x08003262   0x00000002   Code   RO         4523    i.HAL_UART_RxHalfCpltCallback  stm32f1xx_hal_uart.o
    0x08003264   0x000000ba   Code   RO         4524    i.HAL_UART_Transmit  stm32f1xx_hal_uart.o
    0x0800331e   0x00000002   Code   RO         4527    i.HAL_UART_TxCpltCallback  stm32f1xx_hal_uart.o
    0x08003320   0x00000002   Code   RO          617    i.HardFault_Handler  stm32f1xx_it.o
    0x08003322   0x00000002   PAD
    0x08003324   0x00000040   Code   RO         1614    i.Horizontal_Control  control.o
    0x08003364   0x00000060   Code   RO         1093    i.IIC_Send_Byte     myiic.o
    0x080033c4   0x00000044   Code   RO         1094    i.IIC_Start         myiic.o
    0x08003408   0x00000044   Code   RO         1095    i.IIC_Stop          myiic.o
    0x0800344c   0x0000005c   Code   RO         1096    i.IIC_Wait_Ack      myiic.o
    0x080034a8   0x00000018   Code   RO          984    i.LED_SW            led.o
    0x080034c0   0x00000034   Code   RO          985    i.LED_Show          led.o
    0x080034f4   0x00000024   Code   RO         1921    i.LED_Show2         ledtasks.o
    0x08003518   0x00000060   Code   RO         1615    i.Left_Conver       control.o
    0x08003578   0x0000002c   Code   RO         1220    i.MPU6050_Init      mpu6050.o
    0x080035a4   0x00000060   Code   RO         1221    i.MPU6050_ReadData  mpu6050.o
    0x08003604   0x000001c0   Code   RO         1223    i.MPU6050_unpack    mpu6050.o
    0x080037c4   0x000000e0   Code   RO         1280    i.MS5803_Read_Sometimes  ms5803.o
    0x080038a4   0x000001d8   Code   RO         1282    i.MS5803aInit       ms5803.o
    0x08003a7c   0x00000050   Code   RO          303    i.MX_ADC1_Init      adc.o
    0x08003acc   0x0000006c   Code   RO          343    i.MX_DMA_Init       dma.o
    0x08003b38   0x00000098   Code   RO          367    i.MX_FREERTOS_Init  freertos.o
    0x08003bd0   0x00000154   Code   RO          277    i.MX_GPIO_Init      gpio.o
    0x08003d24   0x00000048   Code   RO          449    i.MX_SPI3_Init      spi.o
    0x08003d6c   0x000000a4   Code   RO          494    i.MX_TIM3_Init      tim.o
    0x08003e10   0x00000044   Code   RO          495    i.MX_TIM6_Init      tim.o
    0x08003e54   0x00000038   Code   RO          557    i.MX_USART1_UART_Init  usart.o
    0x08003e8c   0x00000038   Code   RO          558    i.MX_USART2_UART_Init  usart.o
    0x08003ec4   0x00000038   Code   RO          559    i.MX_USART3_UART_Init  usart.o
    0x08003efc   0x00000002   Code   RO          618    i.MemManage_Handler  stm32f1xx_it.o
    0x08003efe   0x00000002   PAD
    0x08003f00   0x000000ec   Code   RO         1484    i.NLPID_Init        pid.o
    0x08003fec   0x00000074   Code   RO         1485    i.NLfal             pid.o
    0x08004060   0x00000002   Code   RO          619    i.NMI_Handler       stm32f1xx_it.o
    0x08004062   0x00000012   Code   RO         1486    i.PID_Clear         pid.o
    0x08004074   0x00000044   Code   RO         1487    i.PID_Init          pid.o
    0x080040b8   0x00000032   Code   RO         1488    i.PID_Param_Init    pid.o
    0x080040ea   0x00000002   PAD
    0x080040ec   0x00000040   Code   RO         1059    i.PWM_Init          pwm.o
    0x0800412c   0x00000094   Code   RO         1843    i.Pi_Stm32_unpackData  message_task.o
    0x080041c0   0x0000001c   Code   RO         1021    i.PowerON_SwitchSelfHold  switch.o
    0x080041dc   0x00000060   Code   RO         1165    i.Read_Byte         dht11.o
    0x0800423c   0x000000b0   Code   RO         1166    i.Read_DHT11        dht11.o
    0x080042ec   0x0000007c   Code   RO         1283    i.Read_P            ms5803.o
    0x08004368   0x0000007c   Code   RO         1284    i.Read_T            ms5803.o
    0x080043e4   0x00000060   Code   RO         1616    i.Right_Conver      control.o
    0x08004444   0x0000002c   Code   RO         1490    i.Rocker_SOTF_Init  pid.o
    0x08004470   0x00000020   Code   RO         1097    i.SDA_In            myiic.o
    0x08004490   0x00000020   Code   RO         1098    i.SDA_Out           myiic.o
    0x080044b0   0x00000068   Code   RO         1491    i.SOTFOutput        pid.o
    0x08004518   0x0000000c   Code   RO          620    i.SPI3_IRQHandler   stm32f1xx_it.o
    0x08004524   0x00000010   Code   RO         3279    i.SPI_DMAAbortOnError  stm32f1xx_hal_spi.o
    0x08004534   0x00000020   Code   RO         3290    i.SPI_EndRxTxTransaction  stm32f1xx_hal_spi.o
    0x08004554   0x00000094   Code   RO         3295    i.SPI_WaitFlagStateUntilTimeout  stm32f1xx_hal_spi.o
    0x080045e8   0x0000002c   Code   RO         1285    i.SPI_treatment     ms5803.o
    0x08004614   0x00000028   Code   RO         1286    i.SPIxReadWriteByte  ms5803.o
    0x0800463c   0x00000054   Code   RO         1416    i.SX1278_GetWorkingParam  sx1278.o
    0x08004690   0x0000005c   Code   RO         1417    i.SX1278_Init       sx1278.o
    0x080046ec   0x00000014   Code   RO         1418    i.SX1278_SendData   sx1278.o
    0x08004700   0x00000054   Code   RO         1419    i.SX1278_SetWorkingParam  sx1278.o
    0x08004754   0x0000002c   Code   RO         1844    i.SX1278_unpackData  message_task.o
    0x08004780   0x00000026   Code   RO         1492    i.SetValf32         pid.o
    0x080047a6   0x00000002   PAD
    0x080047a8   0x00000024   Code   RO         1690    i.Stm32_Pi_Init     stm32_pi.o
    0x080047cc   0x0000002c   Code   RO         6011    i.SysTick_Handler   port.o
    0x080047f8   0x00000062   Code   RO           15    i.SystemClock_Config  main.o
    0x0800485a   0x00000002   PAD
    0x0800485c   0x00000048   Code   RO          800    i.SystemInit        system_stm32f1xx.o
    0x080048a4   0x0000000c   Code   RO          621    i.TIM7_IRQHandler   stm32f1xx_it.o
    0x080048b0   0x0000008c   Code   RO         3653    i.TIM_Base_SetConfig  stm32f1xx_hal_tim.o
    0x0800493c   0x0000001a   Code   RO         3654    i.TIM_CCxChannelCmd  stm32f1xx_hal_tim.o
    0x08004956   0x00000002   PAD
    0x08004958   0x00000060   Code   RO         3666    i.TIM_OC1_SetConfig  stm32f1xx_hal_tim.o
    0x080049b8   0x0000006c   Code   RO         3667    i.TIM_OC2_SetConfig  stm32f1xx_hal_tim.o
    0x08004a24   0x00000068   Code   RO         3668    i.TIM_OC3_SetConfig  stm32f1xx_hal_tim.o
    0x08004a8c   0x00000050   Code   RO         3669    i.TIM_OC4_SetConfig  stm32f1xx_hal_tim.o
    0x08004adc   0x0000006c   Code   RO          839    i.Task_Queue_Semaphore_Timers_Create  board.o
    0x08004b48   0x00000010   Code   RO         4529    i.UART_DMAAbortOnError  stm32f1xx_hal_uart.o
    0x08004b58   0x0000004a   Code   RO         4530    i.UART_DMAError     stm32f1xx_hal_uart.o
    0x08004ba2   0x0000003c   Code   RO         4531    i.UART_DMAReceiveCplt  stm32f1xx_hal_uart.o
    0x08004bde   0x0000000a   Code   RO         4533    i.UART_DMARxHalfCplt  stm32f1xx_hal_uart.o
    0x08004be8   0x0000001c   Code   RO         4539    i.UART_EndRxTransfer  stm32f1xx_hal_uart.o
    0x08004c04   0x00000012   Code   RO         4540    i.UART_EndTxTransfer  stm32f1xx_hal_uart.o
    0x08004c16   0x00000096   Code   RO         4541    i.UART_Receive_IT   stm32f1xx_hal_uart.o
    0x08004cac   0x000000b8   Code   RO         4542    i.UART_SetConfig    stm32f1xx_hal_uart.o
    0x08004d64   0x00000062   Code   RO         4543    i.UART_Transmit_IT  stm32f1xx_hal_uart.o
    0x08004dc6   0x00000062   Code   RO         4544    i.UART_WaitOnFlagUntilTimeout  stm32f1xx_hal_uart.o
    0x08004e28   0x00000018   Code   RO          622    i.USART1_IRQHandler  stm32f1xx_it.o
    0x08004e40   0x00000018   Code   RO          623    i.USART2_IRQHandler  stm32f1xx_it.o
    0x08004e58   0x00000018   Code   RO          624    i.USART3_IRQHandler  stm32f1xx_it.o
    0x08004e70   0x00000040   Code   RO          840    i.USER_UART_IRQHandler  board.o
    0x08004eb0   0x00000002   Code   RO          625    i.UsageFault_Handler  stm32f1xx_it.o
    0x08004eb2   0x0000022e   Code   RO         1493    i.YAWPID_Control    pid.o
    0x080050e0   0x000000a8   Code   RO         1494    i.YawErrorDispose   pid.o
    0x08005188   0x00000028   Code   RO         6349    i.__0sprintf        mc_w.l(printfa.o)
    0x080051b0   0x00000028   Code   RO         6433    i.__ARM_fpclassify  m_ws.l(fpclassify.o)
    0x080051d8   0x00000020   Code   RO         2754    i.__NVIC_SetPriority  stm32f1xx_hal_cortex.o
    0x080051f8   0x000000aa   Code   RO         6435    i.__kernel_poly     m_ws.l(poly.o)
    0x080052a2   0x00000002   PAD
    0x080052a4   0x00000010   Code   RO         6419    i.__mathlib_dbl_divzero  m_ws.l(dunder.o)
    0x080052b4   0x00000004   Code   RO         6421    i.__mathlib_dbl_infnan2  m_ws.l(dunder.o)
    0x080052b8   0x0000000c   Code   RO         6422    i.__mathlib_dbl_invalid  m_ws.l(dunder.o)
    0x080052c4   0x0000000e   Code   RO         6423    i.__mathlib_dbl_overflow  m_ws.l(dunder.o)
    0x080052d2   0x00000002   PAD
    0x080052d4   0x00000010   Code   RO         6425    i.__mathlib_dbl_underflow  m_ws.l(dunder.o)
    0x080052e4   0x0000000e   Code   RO         6493    i.__scatterload_copy  mc_w.l(handlers.o)
    0x080052f2   0x00000002   Code   RO         6494    i.__scatterload_null  mc_w.l(handlers.o)
    0x080052f4   0x0000000e   Code   RO         6495    i.__scatterload_zeroinit  mc_w.l(handlers.o)
    0x08005302   0x00000002   PAD
    0x08005304   0x0000000c   Code   RO         6473    i.__set_errno       mc_w.l(errno.o)
    0x08005310   0x00000164   Code   RO         6354    i._fp_digits        mc_w.l(printfa.o)
    0x08005474   0x000006dc   Code   RO         6355    i._printf_core      mc_w.l(printfa.o)
    0x08005b50   0x00000024   Code   RO         6356    i._printf_post_padding  mc_w.l(printfa.o)
    0x08005b74   0x0000002e   Code   RO         6357    i._printf_pre_padding  mc_w.l(printfa.o)
    0x08005ba2   0x0000000a   Code   RO         6359    i._sputc            mc_w.l(printfa.o)
    0x08005bac   0x000000f8   Code   RO         1771    i.control_Task_Function  control_task.o
    0x08005ca4   0x0000001e   Code   RO          841    i.delay_ms          board.o
    0x08005cc2   0x00000010   Code   RO          842    i.delay_sys_us      board.o
    0x08005cd2   0x00000002   PAD
    0x08005cd4   0x00000068   Code   RO         1736    i.imu_Task_Function  compass_task.o
    0x08005d3c   0x0000002c   Code   RO         1922    i.led_Task_Function  ledtasks.o
    0x08005d68   0x0000003a   Code   RO           16    i.main              main.o
    0x08005da2   0x0000000c   Code   RO         5582    i.makeFreeRtosPriority  cmsis_os.o
    0x08005dae   0x00000002   PAD
    0x08005db0   0x000001d0   Code   RO         1845    i.message_Task_Function  message_task.o
    0x08005f80   0x0000000e   Code   RO         5584    i.osDelay           cmsis_os.o
    0x08005f8e   0x0000000a   Code   RO         5587    i.osKernelStart     cmsis_os.o
    0x08005f98   0x00000054   Code   RO         5621    i.osThreadCreate    cmsis_os.o
    0x08005fec   0x000009b8   Code   RO         6088    i.pow               m_ws.l(pow.o)
    0x080069a4   0x00000024   Code   RO         1894    i.pressure_Task_Function  pressure_task.o
    0x080069c8   0x00000070   Code   RO         5273    i.prvAddCurrentTaskToDelayedList  tasks.o
    0x08006a38   0x000000d0   Code   RO         5274    i.prvAddNewTaskToReadyList  tasks.o
    0x08006b08   0x00000026   Code   RO         4958    i.prvCopyDataFromQueue  queue.o
    0x08006b2e   0x0000006c   Code   RO         4959    i.prvCopyDataToQueue  queue.o
    0x08006b9a   0x00000034   Code   RO         5275    i.prvDeleteTCB      tasks.o
    0x08006bce   0x00000002   PAD
    0x08006bd0   0x0000004c   Code   RO         5949    i.prvHeapInit       heap_4.o
    0x08006c1c   0x0000005c   Code   RO         5276    i.prvIdleTask       tasks.o
    0x08006c78   0x00000016   Code   RO         4961    i.prvInitialiseNewQueue  queue.o
    0x08006c8e   0x0000008e   Code   RO         5277    i.prvInitialiseNewTask  tasks.o
    0x08006d1c   0x0000004c   Code   RO         5950    i.prvInsertBlockIntoFreeList  heap_4.o
    0x08006d68   0x0000001a   Code   RO         4962    i.prvIsQueueEmpty   queue.o
    0x08006d82   0x00000002   PAD
    0x08006d84   0x00000020   Code   RO         5278    i.prvResetNextTaskUnblockTime  tasks.o
    0x08006da4   0x00000028   Code   RO         6012    i.prvTaskExitError  port.o
    0x08006dcc   0x0000006a   Code   RO         4963    i.prvUnlockQueue    queue.o
    0x08006e36   0x00000002   PAD
    0x08006e38   0x000000d8   Code   RO         5951    i.pvPortMalloc      heap_4.o
    0x08006f10   0x00000024   Code   RO         6013    i.pxPortInitialiseStack  port.o
    0x08006f34   0x0000002c   Code   RO         1363    i.qmc_init          qmc5883l.o
    0x08006f60   0x00000030   Code   RO         1366    i.qmc_write_reg     qmc5883l.o
    0x08006f90   0x00000048   Code   RO         1813    i.sensor_Task_Function  sensor_task.o
    0x08006fd8   0x00000020   Code   RO         1497    i.sign              pid.o
    0x08006ff8   0x0000004c   Code   RO         6439    i.sqrt              m_ws.l(sqrt.o)
    0x08007044   0x00000026   Code   RO         4918    i.uxListRemove      list.o
    0x0800706a   0x00000002   PAD
    0x0800706c   0x00000014   Code   RO          374    i.vApplicationGetIdleTaskMemory  freertos.o
    0x08007080   0x00000016   Code   RO         4919    i.vListInitialise   list.o
    0x08007096   0x00000006   Code   RO         4920    i.vListInitialiseItem  list.o
    0x0800709c   0x00000030   Code   RO         4921    i.vListInsert       list.o
    0x080070cc   0x00000018   Code   RO         4922    i.vListInsertEnd    list.o
    0x080070e4   0x00000040   Code   RO         6015    i.vPortEnterCritical  port.o
    0x08007124   0x00000028   Code   RO         6016    i.vPortExitCritical  port.o
    0x0800714c   0x0000005c   Code   RO         5952    i.vPortFree         heap_4.o
    0x080071a8   0x00000024   Code   RO         6017    i.vPortSetupTimerInterrupt  port.o
    0x080071cc   0x00000054   Code   RO         6018    i.vPortValidateInterruptPriority  port.o
    0x08007220   0x0000004c   Code   RO         5286    i.vTaskDelay        tasks.o
    0x0800726c   0x00000090   Code   RO         5287    i.vTaskDelayUntil   tasks.o
    0x080072fc   0x00000010   Code   RO         5290    i.vTaskInternalSetTimeOutState  tasks.o
    0x0800730c   0x0000000c   Code   RO         5291    i.vTaskMissedYield  tasks.o
    0x08007318   0x00000030   Code   RO         5293    i.vTaskPlaceOnEventList  tasks.o
    0x08007348   0x0000006c   Code   RO         5300    i.vTaskStartScheduler  tasks.o
    0x080073b4   0x00000010   Code   RO         5302    i.vTaskSuspendAll   tasks.o
    0x080073c4   0x0000005c   Code   RO         5303    i.vTaskSwitchContext  tasks.o
    0x08007420   0x000000a8   Code   RO         6019    i.xPortStartScheduler  port.o
    0x080074c8   0x00000048   Code   RO         4972    i.xQueueGenericCreate  queue.o
    0x08007510   0x00000088   Code   RO         4974    i.xQueueGenericReset  queue.o
    0x08007598   0x00000164   Code   RO         4975    i.xQueueGenericSend  queue.o
    0x080076fc   0x000000bc   Code   RO         4976    i.xQueueGenericSendFromISR  queue.o
    0x080077b8   0x00000138   Code   RO         4980    i.xQueuePeek        queue.o
    0x080078f0   0x00000138   Code   RO         4982    i.xQueueReceive     queue.o
    0x08007a28   0x00000074   Code   RO         5304    i.xTaskCheckForTimeOut  tasks.o
    0x08007a9c   0x0000005a   Code   RO         5305    i.xTaskCreate       tasks.o
    0x08007af6   0x0000005a   Code   RO         5306    i.xTaskCreateStatic  tasks.o
    0x08007b50   0x0000001c   Code   RO         5310    i.xTaskGetSchedulerState  tasks.o
    0x08007b6c   0x0000000c   Code   RO         5311    i.xTaskGetTickCount  tasks.o
    0x08007b78   0x000000c8   Code   RO         5313    i.xTaskIncrementTick  tasks.o
    0x08007c40   0x00000098   Code   RO         5316    i.xTaskPriorityDisinherit  tasks.o
    0x08007cd8   0x00000074   Code   RO         5318    i.xTaskRemoveFromEventList  tasks.o
    0x08007d4c   0x000000c4   Code   RO         5319    i.xTaskResumeAll    tasks.o
    0x08007e10   0x000000a8   Data   RO          376    .constdata          freertos.o
    0x08007eb8   0x00000010   Data   RO          801    .constdata          system_stm32f1xx.o
    0x08007ec8   0x00000008   Data   RO          802    .constdata          system_stm32f1xx.o
    0x08007ed0   0x00000088   Data   RO         6089    .constdata          m_ws.l(pow.o)
    0x08007f58   0x00000008   Data   RO         6437    .constdata          m_ws.l(qnan.o)
    0x08007f60   0x00000044   Data   RO          377    .conststring        freertos.o
    0x08007fa4   0x00000020   Data   RO         6491    Region$$Table       anon$$obj.o


    Execution Region RW_IRAM1 (Base: 0x20000000, Size: 0x00003588, Max: 0x0000c000, ABSOLUTE, COMPRESSED[0x00000040])

    Base Addr    Size         Type   Attr      Idx    E Section Name        Object

    0x20000000   0x00000018   Data   RW          378    .data               freertos.o
    0x20000018   0x00000004   Data   RW          803    .data               system_stm32f1xx.o
    0x2000001c   0x00000018   Data   RW          843    .data               board.o
    0x20000034   0x00000010   Data   RW         1167    .data               dht11.o
    0x20000044   0x00000004   Data   RW         1225    .data               mpu6050.o
    0x20000048   0x00000038   Data   RW         1289    .data               ms5803.o
    0x20000080   0x00000008   Data   RW         1423    .data               sx1278.o
    0x20000088   0x00000090   Data   RW         1500    .data               pid.o
    0x20000118   0x00000014   Data   RW         1619    .data               control.o
    0x2000012c   0x00000004   Data   RW         1738    .data               compass_task.o
    0x20000130   0x00000010   Data   RW         1777    .data               control_task.o
    0x20000140   0x00000014   Data   RW         1850    .data               message_task.o
    0x20000154   0x0000000c   Data   RW         2291    .data               stm32f1xx_hal.o
    0x20000160   0x0000003c   Data   RW         5322    .data               tasks.o
    0x2000019c   0x00000018   Data   RW         5957    .data               heap_4.o
    0x200001b4   0x0000000c   Data   RW         6020    .data               port.o
    0x200001c0   0x00000004   Data   RW         6474    .data               mc_w.l(errno.o)
    0x200001c4   0x00000074   Zero   RW          304    .bss                adc.o
    0x20000238   0x00000254   Zero   RW          375    .bss                freertos.o
    0x2000048c   0x00000058   Zero   RW          450    .bss                spi.o
    0x200004e4   0x00000080   Zero   RW          496    .bss                tim.o
    0x20000564   0x000001d0   Zero   RW          560    .bss                usart.o
    0x20000734   0x00000040   Zero   RW          763    .bss                stm32f1xx_hal_timebase_tim.o
    0x20000774   0x00000190   Zero   RW          934    .bss                batt.o
    0x20000904   0x00000178   Zero   RW         1224    .bss                mpu6050.o
    0x20000a7c   0x00000020   Zero   RW         1288    .bss                ms5803.o
    0x20000a9c   0x00000104   Zero   RW         1422    .bss                sx1278.o
    0x20000ba0   0x0000024c   Zero   RW         1498    .bss                pid.o
    0x20000dec   0x00000122   Zero   RW         1691    .bss                stm32_pi.o
    0x20000f0e   0x00000002   PAD
    0x20000f10   0x0000005c   Zero   RW         1772    .bss                control_task.o
    0x20000f6c   0x00000038   Zero   RW         1814    .bss                sensor_task.o
    0x20000fa4   0x000000f4   Zero   RW         1846    .bss                message_task.o
    0x20001098   0x000000f0   Zero   RW         5321    .bss                tasks.o
    0x20001188   0x00002000   Zero   RW         5956    .bss                heap_4.o
    0x20003188   0x00000400   Zero   RW            1    STACK               startup_stm32f103xe.o


==============================================================================

Image component sizes


      Code (inc. data)   RO Data    RW Data    ZI Data      Debug   Object Name

       224         32          0          0        116       1647   adc.o
       148         38          0          0        400       3594   batt.o
       308         24          0         24          0       3983   board.o
       120          0          0          0          0      22149   cmsis_os.o
       104         26          0          4          0        774   compass_task.o
       312         74          0         20          0       3611   control.o
       248         46          0         16         92       1568   control_task.o
       364         24          0         16          0       4025   dht11.o
       108          4          0          0          0        758   dma.o
         0          0          0          0          0      18168   event_groups.o
       172         12        236         24        596       2293   freertos.o
       340         26          0          0          0        999   gpio.o
       460         24          0         24       8192       6967   heap_4.o
        76          6          0          0          0       1204   led.o
        80          6          0          0          0       1345   ledtasks.o
       138          0          0          0          0       3182   list.o
       178          6          0          0          0     540486   main.o
       656        126          0         20        244       3271   message_task.o
       680         46          0          4        376       4566   mpu6050.o
      1736        120          0         56         32       6046   ms5803.o
       388         26          0          0          0       3355   myiic.o
      1432        126          0        144        588       8487   pid.o
       662         68          0         12          0      11025   port.o
        36          8          0          0          0        489   pressure_task.o
        64          4          0          0          0        475   pwm.o
        92          0          0          0          0       1003   qmc5883l.o
      1676         18          0          0          0      12239   queue.o
        72         12          0          0         56       1152   sensor_task.o
       200         24          0          0         88       1573   spi.o
        36          8        304          0       1024        792   startup_stm32f103xe.o
       120         12          0          0        290       2550   stm32_pi.o
       100         18          0         12          0       5766   stm32f1xx_hal.o
      1118         62          0          0          0       7694   stm32f1xx_hal_adc.o
       158         14          0          0          0      27814   stm32f1xx_hal_cortex.o
      1236         52          0          0          0       4614   stm32f1xx_hal_dma.o
       554         48          0          0          0       4247   stm32f1xx_hal_gpio.o
        72         10          0          0          0        834   stm32f1xx_hal_msp.o
      1340        110          0          0          0       5497   stm32f1xx_hal_rcc.o
       232         12          0          0          0       1320   stm32f1xx_hal_rcc_ex.o
      1020          4          0          0          0       5570   stm32f1xx_hal_spi.o
      1338         66          0          0          0      11368   stm32f1xx_hal_tim.o
        70          0          0          0          0       2281   stm32f1xx_hal_tim_ex.o
       116         16          0          0         64       1355   stm32f1xx_hal_timebase_tim.o
      1540         26          0          0          0      12319   stm32f1xx_hal_uart.o
       174         60          0          0          0       7335   stm32f1xx_it.o
         0          0          0          0          0        392   stream_buffer.o
        28          6          0          0          0        481   switch.o
       364         64          0          8        260       3836   sx1278.o
        72         16         24          4          0       1139   system_stm32f1xx.o
      2150        160          0         60        240      21524   tasks.o
       412         56          0          0        128       3187   tim.o
       724         60          0          0        464       3272   usart.o

    ----------------------------------------------------------------------
     24096       1806        596        448      13252     805621   Object Totals
         0          0         32          0          0          0   (incl. Generated)
        48          0          0          0          2          0   (incl. Padding)

    ----------------------------------------------------------------------

      Code (inc. data)   RO Data    RW Data    ZI Data      Debug   Library Member Name

        62         10          0          0          0        340   dunder.o
        40          0          0          0          0         68   fpclassify.o
       170          0          0          0          0         96   poly.o
      2488        190        136          0          0        300   pow.o
         0          0          8          0          0          0   qnan.o
        76          0          0          0          0         84   sqrt.o
        86          0          0          0          0          0   __dczerorl2.o
         0          0          0          0          0          0   entry.o
         0          0          0          0          0          0   entry10a.o
         0          0          0          0          0          0   entry11a.o
         8          4          0          0          0          0   entry2.o
         4          0          0          0          0          0   entry5.o
         0          0          0          0          0          0   entry7b.o
         0          0          0          0          0          0   entry8b.o
         8          4          0          0          0          0   entry9a.o
        12          6          0          4          0         68   errno.o
        30          0          0          0          0          0   handlers.o
        36          8          0          0          0         68   init.o
         0          0          0          0          0          0   iusefp.o
        30          0          0          0          0         68   llshl.o
        36          0          0          0          0         68   llsshr.o
        32          0          0          0          0         68   llushr.o
        36          0          0          0          0         68   memcpya.o
        36          0          0          0          0        108   memseta.o
      2244         86          0          0          0        512   printfa.o
        14          0          0          0          0         68   strlen.o
        36          0          0          0          0         80   strstr.o
        44          0          0          0          0         80   uidiv.o
        98          0          0          0          0         92   uldiv.o
        48          0          0          0          0         68   cdcmple.o
        48          0          0          0          0         68   cdrcmple.o
        20          0          0          0          0         68   cfcmple.o
        20          0          0          0          0         68   cfrcmple.o
        56          0          0          0          0         88   d2f.o
       334          0          0          0          0        148   dadd.o
       222          0          0          0          0        100   ddiv.o
       186          0          0          0          0        176   depilogue.o
        62          0          0          0          0         80   dfixi.o
        50          0          0          0          0         76   dfixui.o
        48          0          0          0          0         68   dfixul.o
        34          0          0          0          0         76   dflti.o
        26          0          0          0          0         76   dfltui.o
       228          0          0          0          0         96   dmul.o
        46          0          0          0          0         80   dscalb.o
       162          0          0          0          0        100   dsqrt.o
        38          0          0          0          0         68   f2d.o
       176          0          0          0          0        140   fadd.o
       124          0          0          0          0         88   fdiv.o
       110          0          0          0          0        168   fepilogue.o
        50          0          0          0          0         68   ffixi.o
        18          0          0          0          0         68   fflti.o
        10          0          0          0          0         68   ffltui.o
       100          0          0          0          0         76   fmul.o
        24          0          0          0          0         68   fscalb.o

    ----------------------------------------------------------------------
      7872        308        144          4          0       4484   Library Totals
         6          0          0          0          0          0   (incl. Padding)

    ----------------------------------------------------------------------

      Code (inc. data)   RO Data    RW Data    ZI Data      Debug   Library Name

      2836        200        144          0          0        888   m_ws.l
      2790        108          0          4          0       1348   mc_w.l
      2240          0          0          0          0       2248   mf_w.l

    ----------------------------------------------------------------------
      7872        308        144          4          0       4484   Library Totals

    ----------------------------------------------------------------------

==============================================================================


      Code (inc. data)   RO Data    RW Data    ZI Data      Debug   

     31968       2114        740        452      13252     795049   Grand Totals
     31968       2114        740         64      13252     795049   ELF Image Totals (compressed)
     31968       2114        740         64          0          0   ROM Totals

==============================================================================

    Total RO  Size (Code + RO Data)                32708 (  31.94kB)
    Total RW  Size (RW Data + ZI Data)             13704 (  13.38kB)
    Total ROM Size (Code + RO Data + RW Data)      32772 (  32.00kB)

==============================================================================

